Component: ARM Compiler 5.06 update 1 (build 61) Tool: armlink [4d35a8]

==============================================================================

Section Cross References

    startup_stm32f429xx.o(STACK) refers (Special) to heapauxi.o(.text) for __use_two_region_memory
    startup_stm32f429xx.o(HEAP) refers (Special) to heapauxi.o(.text) for __use_two_region_memory
    startup_stm32f429xx.o(RESET) refers (Special) to heapauxi.o(.text) for __use_two_region_memory
    startup_stm32f429xx.o(RESET) refers to startup_stm32f429xx.o(STACK) for __initial_sp
    startup_stm32f429xx.o(RESET) refers to startup_stm32f429xx.o(.text) for Reset_Handler
    startup_stm32f429xx.o(RESET) refers to stm32f4xx_it.o(i.NMI_Handler) for NMI_Handler
    startup_stm32f429xx.o(RESET) refers to stm32f4xx_it.o(i.HardFault_Handler) for HardFault_Handler
    startup_stm32f429xx.o(RESET) refers to stm32f4xx_it.o(i.MemManage_Handler) for MemManage_Handler
    startup_stm32f429xx.o(RESET) refers to stm32f4xx_it.o(i.BusFault_Handler) for BusFault_Handler
    startup_stm32f429xx.o(RESET) refers to stm32f4xx_it.o(i.UsageFault_Handler) for UsageFault_Handler
    startup_stm32f429xx.o(RESET) refers to stm32f4xx_it.o(i.SVC_Handler) for SVC_Handler
    startup_stm32f429xx.o(RESET) refers to stm32f4xx_it.o(i.DebugMon_Handler) for DebugMon_Handler
    startup_stm32f429xx.o(RESET) refers to stm32f4xx_it.o(i.PendSV_Handler) for PendSV_Handler
    startup_stm32f429xx.o(RESET) refers to stm32f4xx_it.o(i.SysTick_Handler) for SysTick_Handler
    startup_stm32f429xx.o(RESET) refers to stm32f4xx_it.o(i.TIM6_DAC_IRQHandler) for TIM6_DAC_IRQHandler
    startup_stm32f429xx.o(.text) refers (Special) to heapauxi.o(.text) for __use_two_region_memory
    startup_stm32f429xx.o(.text) refers to system_stm32f4xx.o(i.SystemInit) for SystemInit
    startup_stm32f429xx.o(.text) refers to __main.o(!!!main) for __main
    startup_stm32f429xx.o(.text) refers to startup_stm32f429xx.o(HEAP) for Heap_Mem
    startup_stm32f429xx.o(.text) refers to startup_stm32f429xx.o(STACK) for Stack_Mem
    main.o(i.Get_ADC_Value) refers to stm32f4xx_hal_adc.o(i.HAL_ADC_Start) for HAL_ADC_Start
    main.o(i.Get_ADC_Value) refers to stm32f4xx_hal_adc.o(i.HAL_ADC_GetValue) for HAL_ADC_GetValue
    main.o(i.Get_ADC_Value) refers to adc.o(.bss) for hadc1
    main.o(i.SystemClock_Config) refers to rt_memclr_w.o(.text) for __aeabi_memclr4
    main.o(i.SystemClock_Config) refers to stm32f4xx_hal_rcc.o(i.HAL_RCC_OscConfig) for HAL_RCC_OscConfig
    main.o(i.SystemClock_Config) refers to stm32f4xx_hal_rcc.o(i.HAL_RCC_ClockConfig) for HAL_RCC_ClockConfig
    main.o(i.main) refers to stm32f4xx_hal.o(i.HAL_Init) for HAL_Init
    main.o(i.main) refers to main.o(i.SystemClock_Config) for SystemClock_Config
    main.o(i.main) refers to gpio.o(i.MX_GPIO_Init) for MX_GPIO_Init
    main.o(i.main) refers to spi.o(i.MX_SPI5_Init) for MX_SPI5_Init
    main.o(i.main) refers to adc.o(i.MX_ADC1_Init) for MX_ADC1_Init
    main.o(i.main) refers to tim.o(i.MX_TIM6_Init) for MX_TIM6_Init
    main.o(i.main) refers to usart.o(i.MX_USART1_UART_Init) for MX_USART1_UART_Init
    main.o(i.main) refers to delay.o(i.delay_init) for delay_init
    main.o(i.main) refers to lcd_init.o(i.LCD_Init) for LCD_Init
    main.o(i.main) refers to lcd.o(i.LCD_Fill) for LCD_Fill
    main.o(i.main) refers to lcd.o(i.LCD_DrawLine) for LCD_DrawLine
    main.o(i.main) refers to lcd.o(i.LCD_ShowString) for LCD_ShowString
    main.o(i.main) refers to stm32f4xx_hal_tim.o(i.HAL_TIM_Base_Start_IT) for HAL_TIM_Base_Start_IT
    main.o(i.main) refers to tim.o(.bss) for htim6
    gpio.o(i.MX_GPIO_Init) refers to rt_memclr_w.o(.text) for __aeabi_memclr4
    gpio.o(i.MX_GPIO_Init) refers to stm32f4xx_hal_gpio.o(i.HAL_GPIO_WritePin) for HAL_GPIO_WritePin
    gpio.o(i.MX_GPIO_Init) refers to stm32f4xx_hal_gpio.o(i.HAL_GPIO_Init) for HAL_GPIO_Init
    adc.o(i.HAL_ADC_MspDeInit) refers to stm32f4xx_hal_gpio.o(i.HAL_GPIO_DeInit) for HAL_GPIO_DeInit
    adc.o(i.HAL_ADC_MspInit) refers to rt_memclr_w.o(.text) for __aeabi_memclr4
    adc.o(i.HAL_ADC_MspInit) refers to stm32f4xx_hal_gpio.o(i.HAL_GPIO_Init) for HAL_GPIO_Init
    adc.o(i.MX_ADC1_Init) refers to stm32f4xx_hal_adc.o(i.HAL_ADC_Init) for HAL_ADC_Init
    adc.o(i.MX_ADC1_Init) refers to main.o(i.Error_Handler) for Error_Handler
    adc.o(i.MX_ADC1_Init) refers to stm32f4xx_hal_adc.o(i.HAL_ADC_ConfigChannel) for HAL_ADC_ConfigChannel
    adc.o(i.MX_ADC1_Init) refers to adc.o(.bss) for .bss
    spi.o(i.HAL_SPI_MspDeInit) refers to stm32f4xx_hal_gpio.o(i.HAL_GPIO_DeInit) for HAL_GPIO_DeInit
    spi.o(i.HAL_SPI_MspInit) refers to rt_memclr_w.o(.text) for __aeabi_memclr4
    spi.o(i.HAL_SPI_MspInit) refers to stm32f4xx_hal_gpio.o(i.HAL_GPIO_Init) for HAL_GPIO_Init
    spi.o(i.MX_SPI5_Init) refers to stm32f4xx_hal_spi.o(i.HAL_SPI_Init) for HAL_SPI_Init
    spi.o(i.MX_SPI5_Init) refers to main.o(i.Error_Handler) for Error_Handler
    spi.o(i.MX_SPI5_Init) refers to spi.o(.bss) for .bss
[...]
    Removing lcd.o(i.LCD_ShowPicture), (82 bytes).
    Removing lcd_init.o(.rev16_text), (4 bytes).
    Removing lcd_init.o(.revsh_text), (4 bytes).
    Removing lcd_init.o(.rrx_text), (6 bytes).
    Removing lcd_init.o(i.LCD_WR_DATA8), (4 bytes).
    Removing delay.o(.rev16_text), (4 bytes).
    Removing delay.o(.revsh_text), (4 bytes).
    Removing delay.o(.rrx_text), (6 bytes).

548 unused section(s) (total 160696 bytes) removed from the image.

==============================================================================

Image Symbol Table

    Local Symbols

    Symbol Name                              Value     Ov Type        Size  Object(Section)

    ../Core/Src/adc.c                        0x00000000   Number         0  adc.o ABSOLUTE
    ../Core/Src/gpio.c                       0x00000000   Number         0  gpio.o ABSOLUTE
    ../Core/Src/main.c                       0x00000000   Number         0  main.o ABSOLUTE
    ../Core/Src/spi.c                        0x00000000   Number         0  spi.o ABSOLUTE
    ../Core/Src/stm32f4xx_hal_msp.c          0x00000000   Number         0  stm32f4xx_hal_msp.o ABSOLUTE
    ../Core/Src/stm32f4xx_it.c               0x00000000   Number         0  stm32f4xx_it.o ABSOLUTE
    ../Core/Src/system_stm32f4xx.c           0x00000000   Number         0  system_stm32f4xx.o ABSOLUTE
    ../Core/Src/tim.c                        0x00000000   Number         0  tim.o ABSOLUTE
    ../Core/Src/usart.c                      0x00000000   Number         0  usart.o ABSOLUTE
    ../Drivers/STM32F4xx_HAL_Driver/Src/stm32f4xx_hal.c 0x00000000   Number         0  stm32f4xx_hal.o ABSOLUTE
    ../Drivers/STM32F4xx_HAL_Driver/Src/stm32f4xx_hal_adc.c 0x00000000   Number         0  stm32f4xx_hal_adc.o ABSOLUTE
    ../Drivers/STM32F4xx_HAL_Driver/Src/stm32f4xx_hal_adc_ex.c 0x00000000   Number         0  stm32f4xx_hal_adc_ex.o ABSOLUTE
    ../Drivers/STM32F4xx_HAL_Driver/Src/stm32f4xx_hal_cortex.c 0x00000000   Number         0  stm32f4xx_hal_cortex.o ABSOLUTE
    ../Drivers/STM32F4xx_HAL_Driver/Src/stm32f4xx_hal_dma.c 0x00000000   Number         0  stm32f4xx_hal_dma.o ABSOLUTE
    ../Drivers/STM32F4xx_HAL_Driver/Src/stm32f4xx_hal_dma_ex.c 0x00000000   Number         0  stm32f4xx_hal_dma_ex.o ABSOLUTE
    ../Drivers/STM32F4xx_HAL_Driver/Src/stm32f4xx_hal_exti.c 0x00000000   Number         0  stm32f4xx_hal_exti.o ABSOLUTE
    ../Drivers/STM32F4xx_HAL_Driver/Src/stm32f4xx_hal_flash.c 0x00000000   Number         0  stm32f4xx_hal_flash.o ABSOLUTE
    ../Drivers/STM32F4xx_HAL_Driver/Src/stm32f4xx_hal_flash_ex.c 0x00000000   Number         0  stm32f4xx_hal_flash_ex.o ABSOLUTE
    ../Drivers/STM32F4xx_HAL_Driver/Src/stm32f4xx_hal_flash_ramfunc.c 0x00000000   Number         0  stm32f4xx_hal_flash_ramfunc.o ABSOLUTE
    ../Drivers/STM32F4xx_HAL_Driver/Src/stm32f4xx_hal_gpio.c 0x00000000   Number         0  stm32f4xx_hal_gpio.o ABSOLUTE
    ../Drivers/STM32F4xx_HAL_Driver/Src/stm32f4xx_hal_pwr.c 0x00000000   Number         0  stm32f4xx_hal_pwr.o ABSOLUTE
    ../Drivers/STM32F4xx_HAL_Driver/Src/stm32f4xx_hal_pwr_ex.c 0x00000000   Number         0  stm32f4xx_hal_pwr_ex.o ABSOLUTE
    ../Drivers/STM32F4xx_HAL_Driver/Src/stm32f4xx_hal_rcc.c 0x00000000   Number         0  stm32f4xx_hal_rcc.o ABSOLUTE
    ../Drivers/STM32F4xx_HAL_Driver/Src/stm32f4xx_hal_rcc_ex.c 0x00000000   Number         0  stm32f4xx_hal_rcc_ex.o ABSOLUTE
    ../Drivers/STM32F4xx_HAL_Driver/Src/stm32f4xx_hal_spi.c 0x00000000   Number         0  stm32f4xx_hal_spi.o ABSOLUTE
    ../Drivers/STM32F4xx_HAL_Driver/Src/stm32f4xx_hal_tim.c 0x00000000   Number         0  stm32f4xx_hal_tim.o ABSOLUTE
    ../Drivers/STM32F4xx_HAL_Driver/Src/stm32f4xx_hal_tim_ex.c 0x00000000   Number         0  stm32f4xx_hal_tim_ex.o ABSOLUTE
    ../Drivers/STM32F4xx_HAL_Driver/Src/stm32f4xx_hal_uart.c 0x00000000   Number         0  stm32f4xx_hal_uart.o ABSOLUTE
    ../Drivers/STM32F4xx_HAL_Driver/Src/stm32f4xx_ll_adc.c 0x00000000   Number         0  stm32f4xx_ll_adc.o ABSOLUTE
    ../clib/angel/boardlib.s                 0x00000000   Number         0  boardshut.o ABSOLUTE
    ../clib/angel/boardlib.s                 0x00000000   Number         0  boardinit3.o ABSOLUTE
    ../clib/angel/boardlib.s                 0x00000000   Number         0  boardinit2.o ABSOLUTE
    ../clib/angel/boardlib.s                 0x00000000   Number         0  boardinit1.o ABSOLUTE
    ../clib/angel/handlers.s                 0x00000000   Number         0  __scatter_zi.o ABSOLUTE
    ../clib/angel/handlers.s                 0x00000000   Number         0  __scatter_copy.o ABSOLUTE
    ../clib/angel/kernel.s                   0x00000000   Number         0  __rtentry4.o ABSOLUTE
    ../clib/angel/kernel.s                   0x00000000   Number         0  __rtentry2.o ABSOLUTE
    ../clib/angel/kernel.s                   0x00000000   Number         0  rtexit2.o ABSOLUTE
    ../clib/angel/kernel.s                   0x00000000   Number         0  rtexit.o ABSOLUTE
    ../clib/angel/kernel.s                   0x00000000   Number         0  __rtentry.o ABSOLUTE
    ../clib/angel/rt.s                       0x00000000   Number         0  rt_div0.o ABSOLUTE
    ../clib/angel/rt.s                       0x00000000   Number         0  rt_raise.o ABSOLUTE
    ../clib/angel/rt.s                       0x00000000   Number         0  aeabi_ldiv0_sigfpe.o ABSOLUTE
    ../clib/angel/rt.s                       0x00000000   Number         0  aeabi_ldiv0.o ABSOLUTE
    ../clib/angel/scatter.s                  0x00000000   Number         0  __scatter.o ABSOLUTE
    ../clib/angel/startup.s                  0x00000000   Number         0  __main.o ABSOLUTE
    ../clib/angel/sys.s                      0x00000000   Number         0  sys_stackheap_outer.o ABSOLUTE
    ../clib/angel/sys.s                      0x00000000   Number         0  use_no_semi.o ABSOLUTE
    ../clib/angel/sys.s                      0x00000000   Number         0  indicate_semi.o ABSOLUTE
    ../clib/angel/sys.s                      0x00000000   Number         0  libspace.o ABSOLUTE
    ../clib/angel/sysapp.c                   0x00000000   Number         0  sys_exit.o ABSOLUTE
    ../clib/angel/sysapp.c                   0x00000000   Number         0  sys_wrch.o ABSOLUTE
    ../clib/angel/sysapp.c                   0x00000000   Number         0  sys_command.o ABSOLUTE
    ../clib/armsys.c                         0x00000000   Number         0  argv_veneer.o ABSOLUTE
    ../clib/armsys.c                         0x00000000   Number         0  argv_veneer.o ABSOLUTE
    ../clib/armsys.c                         0x00000000   Number         0  no_argv.o ABSOLUTE
    ../clib/armsys.c                         0x00000000   Number         0  _get_argv_nomalloc.o ABSOLUTE
    ../clib/heapalloc.c                      0x00000000   Number         0  hrguard.o ABSOLUTE
    ../clib/heapaux.c                        0x00000000   Number         0  heapauxi.o ABSOLUTE
    ../clib/libinit.s                        0x00000000   Number         0  libinit2.o ABSOLUTE
    ../clib/libinit.s                        0x00000000   Number         0  libshutdown.o ABSOLUTE
    ../clib/libinit.s                        0x00000000   Number         0  libshutdown2.o ABSOLUTE
    ../clib/libinit.s                        0x00000000   Number         0  libinit.o ABSOLUTE
    ../clib/longlong.s                       0x00000000   Number         0  lludivv7m.o ABSOLUTE
    ../clib/memcpset.s                       0x00000000   Number         0  rt_memclr_w.o ABSOLUTE
    ../clib/signal.c                         0x00000000   Number         0  defsig_other.o ABSOLUTE
    ../clib/signal.c                         0x00000000   Number         0  defsig_rtmem_outer.o ABSOLUTE
    ../clib/signal.c                         0x00000000   Number         0  defsig_rtmem_inner.o ABSOLUTE
    ../clib/signal.c                         0x00000000   Number         0  defsig_rtred_inner.o ABSOLUTE
    ../clib/signal.c                         0x00000000   Number         0  defsig_abrt_inner.o ABSOLUTE
    ../clib/signal.c                         0x00000000   Number         0  defsig_stak_inner.o ABSOLUTE
    ../clib/signal.c                         0x00000000   Number         0  defsig_pvfn_inner.o ABSOLUTE
    ../clib/signal.c                         0x00000000   Number         0  defsig_segv_inner.o ABSOLUTE
    ../clib/signal.c                         0x00000000   Number         0  defsig_cppl_inner.o ABSOLUTE
    ../clib/signal.c                         0x00000000   Number         0  defsig_fpe_inner.o ABSOLUTE
    ../clib/signal.c                         0x00000000   Number         0  defsig_exit.o ABSOLUTE
    ../clib/signal.c                         0x00000000   Number         0  defsig_general.o ABSOLUTE
    ../clib/signal.c                         0x00000000   Number         0  __raise.o ABSOLUTE
    ../clib/signal.c                         0x00000000   Number         0  defsig_rtmem_formal.o ABSOLUTE
    ../clib/signal.c                         0x00000000   Number         0  defsig_fpe_formal.o ABSOLUTE
    ../clib/signal.c                         0x00000000   Number         0  defsig_fpe_outer.o ABSOLUTE
    ../clib/signal.s                         0x00000000   Number         0  defsig.o ABSOLUTE
    ../clib/stdlib.c                         0x00000000   Number         0  exit.o ABSOLUTE
    ../fplib/d2f.s                           0x00000000   Number         0  d2f.o ABSOLUTE
    ../fplib/daddsub.s                       0x00000000   Number         0  daddsub_clz.o ABSOLUTE
    ../fplib/ddiv.s                          0x00000000   Number         0  ddiv.o ABSOLUTE
    ../fplib/dfixu.s                         0x00000000   Number         0  dfixu.o ABSOLUTE
    ../fplib/dflt.s                          0x00000000   Number         0  dflt_clz.o ABSOLUTE
    ../fplib/dmul.s                          0x00000000   Number         0  dmul.o ABSOLUTE
    ../fplib/dnaninf.s                       0x00000000   Number         0  dnaninf.o ABSOLUTE
    ../fplib/dretinf.s                       0x00000000   Number         0  dretinf.o ABSOLUTE
    ../fplib/f2d.s                           0x00000000   Number         0  f2d.o ABSOLUTE
    ../fplib/fnaninf.s                       0x00000000   Number         0  fnaninf.o ABSOLUTE
    ../fplib/fpinit.s                        0x00000000   Number         0  fpinit.o ABSOLUTE
    ../fplib/fretinf.s                       0x00000000   Number         0  fretinf.o ABSOLUTE
    ../fplib/usenofp.s                       0x00000000   Number         0  usenofp.o ABSOLUTE
    ..\Core\Src\adc.c                        0x00000000   Number         0  adc.o ABSOLUTE
    ..\Core\Src\gpio.c                       0x00000000   Number         0  gpio.o ABSOLUTE
    ..\Core\Src\main.c                       0x00000000   Number         0  main.o ABSOLUTE
    ..\Core\Src\spi.c                        0x00000000   Number         0  spi.o ABSOLUTE
    ..\Core\Src\stm32f4xx_hal_msp.c          0x00000000   Number         0  stm32f4xx_hal_msp.o ABSOLUTE
    ..\Core\Src\stm32f4xx_it.c               0x00000000   Number         0  stm32f4xx_it.o ABSOLUTE
    ..\Core\Src\system_stm32f4xx.c           0x00000000   Number         0  system_stm32f4xx.o ABSOLUTE
    ..\Core\Src\tim.c                        0x00000000   Number         0  tim.o ABSOLUTE
    ..\Core\Src\usart.c                      0x00000000   Number         0  usart.o ABSOLUTE
    ..\Drivers\STM32F4xx_HAL_Driver\Src\stm32f4xx_hal.c 0x00000000   Number         0  stm32f4xx_hal.o ABSOLUTE
    ..\Drivers\STM32F4xx_HAL_Driver\Src\stm32f4xx_hal_adc.c 0x00000000   Number         0  stm32f4xx_hal_adc.o ABSOLUTE
    ..\Drivers\STM32F4xx_HAL_Driver\Src\stm32f4xx_hal_adc_ex.c 0x00000000   Number         0  stm32f4xx_hal_adc_ex.o ABSOLUTE
    ..\Drivers\STM32F4xx_HAL_Driver\Src\stm32f4xx_hal_cortex.c 0x00000000   Number         0  stm32f4xx_hal_cortex.o ABSOLUTE
    ..\Drivers\STM32F4xx_HAL_Driver\Src\stm32f4xx_hal_dma.c 0x00000000   Number         0  stm32f4xx_hal_dma.o ABSOLUTE
    ..\Drivers\STM32F4xx_HAL_Driver\Src\stm32f4xx_hal_dma_ex.c 0x00000000   Number         0  stm32f4xx_hal_dma_ex.o ABSOLUTE
    ..\Drivers\STM32F4xx_HAL_Driver\Src\stm32f4xx_hal_exti.c 0x00000000   Number         0  stm32f4xx_hal_exti.o ABSOLUTE
    ..\Drivers\STM32F4xx_HAL_Driver\Src\stm32f4xx_hal_flash.c 0x00000000   Number         0  stm32f4xx_hal_flash.o ABSOLUTE
    ..\Drivers\STM32F4xx_HAL_Driver\Src\stm32f4xx_hal_flash_ex.c 0x00000000   Number         0  stm32f4xx_hal_flash_ex.o ABSOLUTE
    ..\Drivers\STM32F4xx_HAL_Driver\Src\stm32f4xx_hal_flash_ramfunc.c 0x00000000   Number         0  stm32f4xx_hal_flash_ramfunc.o ABSOLUTE
    ..\Drivers\STM32F4xx_HAL_Driver\Src\stm32f4xx_hal_gpio.c 0x00000000   Number         0  stm32f4xx_hal_gpio.o ABSOLUTE
    ..\Drivers\STM32F4xx_HAL_Driver\Src\stm32f4xx_hal_pwr.c 0x00000000   Number         0  stm32f4xx_hal_pwr.o ABSOLUTE
    ..\Drivers\STM32F4xx_HAL_Driver\Src\stm32f4xx_hal_pwr_ex.c 0x00000000   Number         0  stm32f4xx_hal_pwr_ex.o ABSOLUTE
    ..\Drivers\STM32F4xx_HAL_Driver\Src\stm32f4xx_hal_rcc.c 0x00000000   Number         0  stm32f4xx_hal_rcc.o ABSOLUTE
    ..\Drivers\STM32F4xx_HAL_Driver\Src\stm32f4xx_hal_rcc_ex.c 0x00000000   Number         0  stm32f4xx_hal_rcc_ex.o ABSOLUTE
    ..\Drivers\STM32F4xx_HAL_Driver\Src\stm32f4xx_hal_spi.c 0x00000000   Number         0  stm32f4xx_hal_spi.o ABSOLUTE
    ..\Drivers\STM32F4xx_HAL_Driver\Src\stm32f4xx_hal_tim.c 0x00000000   Number         0  stm32f4xx_hal_tim.o ABSOLUTE
    ..\Drivers\STM32F4xx_HAL_Driver\Src\stm32f4xx_hal_tim_ex.c 0x00000000   Number         0  stm32f4xx_hal_tim_ex.o ABSOLUTE
    ..\Drivers\STM32F4xx_HAL_Driver\Src\stm32f4xx_hal_uart.c 0x00000000   Number         0  stm32f4xx_hal_uart.o ABSOLUTE
    ..\User\DELAY\delay.c                    0x00000000   Number         0  delay.o ABSOLUTE
    ..\User\LCD\lcd.c                        0x00000000   Number         0  lcd.o ABSOLUTE
    ..\User\LCD\lcd_init.c                   0x00000000   Number         0  lcd_init.o ABSOLUTE
    ..\\User\\DELAY\\delay.c                 0x00000000   Number         0  delay.o ABSOLUTE
    ..\\User\\LCD\\lcd_init.c                0x00000000   Number         0  lcd_init.o ABSOLUTE
    dc.s                                     0x00000000   Number         0  dc.o ABSOLUTE
    startup_stm32f429xx.s                    0x00000000   Number         0  startup_stm32f429xx.o ABSOLUTE
    RESET                                    0x08000000   Section      428  startup_stm32f429xx.o(RESET)
    !!!main                                  0x080001ac   Section        8  __main.o(!!!main)
    !!!scatter                               0x080001b4   Section       52  __scatter.o(!!!scatter)
    !!handler_copy                           0x080001e8   Section       26  __scatter_copy.o(!!handler_copy)
    !!handler_zi                             0x08000204   Section       28  __scatter_zi.o(!!handler_zi)
    .ARM.Collect$$libinit$$00000000          0x08000220   Section        2  libinit.o(.ARM.Collect$$libinit$$00000000)
    .ARM.Collect$$libinit$$00000001          0x08000222   Section        4  libinit2.o(.ARM.Collect$$libinit$$00000001)
    .ARM.Collect$$libinit$$00000004          0x08000226   Section        0  libinit2.o(.ARM.Collect$$libinit$$00000004)
    .ARM.Collect$$libinit$$0000000A          0x08000226   Section        0  libinit2.o(.ARM.Collect$$libinit$$0000000A)
    .ARM.Collect$$libinit$$0000000C          0x08000226   Section        0  libinit2.o(.ARM.Collect$$libinit$$0000000C)
    .ARM.Collect$$libinit$$0000000E          0x08000226   Section        0  libinit2.o(.ARM.Collect$$libinit$$0000000E)
    .ARM.Collect$$libinit$$00000011          0x08000226   Section        0  libinit2.o(.ARM.Collect$$libinit$$00000011)
    .ARM.Collect$$libinit$$00000013          0x08000226   Section        0  libinit2.o(.ARM.Collect$$libinit$$00000013)
    .ARM.Collect$$libinit$$00000015          0x08000226   Section        0  libinit2.o(.ARM.Collect$$libinit$$00000015)
    .ARM.Collect$$libinit$$00000017          0x08000226   Section        0  libinit2.o(.ARM.Collect$$libinit$$00000017)
    .ARM.Collect$$libinit$$00000019          0x08000226   Section        0  libinit2.o(.ARM.Collect$$libinit$$00000019)
    .ARM.Collect$$libinit$$0000001B          0x08000226   Section        0  libinit2.o(.ARM.Collect$$libinit$$0000001B)
    .ARM.Collect$$libinit$$0000001D          0x08000226   Section        0  libinit2.o(.ARM.Collect$$libinit$$0000001D)
    .ARM.Collect$$libinit$$0000001F          0x08000226   Section        0  libinit2.o(.ARM.Collect$$libinit$$0000001F)
    .ARM.Collect$$libinit$$00000021          0x08000226   Section        0  libinit2.o(.ARM.Collect$$libinit$$00000021)
    .ARM.Collect$$libinit$$00000023          0x08000226   Section        0  libinit2.o(.ARM.Collect$$libinit$$00000023)
    .ARM.Collect$$libinit$$00000025          0x08000226   Section        0  libinit2.o(.ARM.Collect$$libinit$$00000025)
    .ARM.Collect$$libinit$$0000002C          0x08000226   Section        0  libinit2.o(.ARM.Collect$$libinit$$0000002C)
    .ARM.Collect$$libinit$$0000002E          0x08000226   Section        0  libinit2.o(.ARM.Collect$$libinit$$0000002E)
    .ARM.Collect$$libinit$$00000030          0x08000226   Section        0  libinit2.o(.ARM.Collect$$libinit$$00000030)
    .ARM.Collect$$libinit$$00000032          0x08000226   Section        0  libinit2.o(.ARM.Collect$$libinit$$00000032)
    .ARM.Collect$$libinit$$00000033          0x08000226   Section        2  libinit2.o(.ARM.Collect$$libinit$$00000033)
    .ARM.Collect$$libshutdown$$00000000      0x08000228   Section        2  libshutdown.o(.ARM.Collect$$libshutdown$$00000000)
    .ARM.Collect$$libshutdown$$00000002      0x0800022a   Section        0  libshutdown2.o(.ARM.Collect$$libshutdown$$00000002)
    .ARM.Collect$$libshutdown$$00000004      0x0800022a   Section        0  libshutdown2.o(.ARM.Collect$$libshutdown$$00000004)
    .ARM.Collect$$libshutdown$$00000007      0x0800022a   Section        0  libshutdown2.o(.ARM.Collect$$libshutdown$$00000007)
    .ARM.Collect$$libshutdown$$0000000A      0x0800022a   Section        0  libshutdown2.o(.ARM.Collect$$libshutdown$$0000000A)
    .ARM.Collect$$libshutdown$$0000000C      0x0800022a   Section        0  libshutdown2.o(.ARM.Collect$$libshutdown$$0000000C)
    .ARM.Collect$$libshutdown$$0000000F      0x0800022a   Section        0  libshutdown2.o(.ARM.Collect$$libshutdown$$0000000F)
    .ARM.Collect$$libshutdown$$00000010      0x0800022a   Section        2  libshutdown2.o(.ARM.Collect$$libshutdown$$00000010)
    .ARM.Collect$$rtentry$$00000000          0x0800022c   Section        0  __rtentry.o(.ARM.Collect$$rtentry$$00000000)
    .ARM.Collect$$rtentry$$00000002          0x0800022c   Section        0  __rtentry2.o(.ARM.Collect$$rtentry$$00000002)
    .ARM.Collect$$rtentry$$00000004          0x0800022c   Section        6  __rtentry4.o(.ARM.Collect$$rtentry$$00000004)
    .ARM.Collect$$rtentry$$00000009          0x08000232   Section        0  __rtentry2.o(.ARM.Collect$$rtentry$$00000009)
    .ARM.Collect$$rtentry$$0000000A          0x08000232   Section        4  __rtentry2.o(.ARM.Collect$$rtentry$$0000000A)
    .ARM.Collect$$rtentry$$0000000C          0x08000236   Section        0  __rtentry2.o(.ARM.Collect$$rtentry$$0000000C)
    .ARM.Collect$$rtentry$$0000000D          0x08000236   Section        8  __rtentry2.o(.ARM.Collect$$rtentry$$0000000D)
    .ARM.Collect$$rtexit$$00000000           0x0800023e   Section        2  rtexit.o(.ARM.Collect$$rtexit$$00000000)
    .ARM.Collect$$rtexit$$00000002           0x08000240   Section        0  rtexit2.o(.ARM.Collect$$rtexit$$00000002)
    .ARM.Collect$$rtexit$$00000003           0x08000240   Section        4  rtexit2.o(.ARM.Collect$$rtexit$$00000003)
    .ARM.Collect$$rtexit$$00000004           0x08000244   Section        6  rtexit2.o(.ARM.Collect$$rtexit$$00000004)
    .text                                    0x0800024c   Section       64  startup_stm32f429xx.o(.text)
    $v0                                      0x0800024c   Number         0  startup_stm32f429xx.o(.text)
    .text                                    0x0800028c   Section      238  lludivv7m.o(.text)
    .text                                    0x0800037a   Section       78  rt_memclr_w.o(.text)
    .text                                    0x080003c8   Section        0  heapauxi.o(.text)
    .text                                    0x080003ce   Section       74  sys_stackheap_outer.o(.text)
    .text                                    0x08000418   Section        0  exit.o(.text)
    .text                                    0x0800042c   Section        8  libspace.o(.text)
    .text                                    0x08000434   Section        0  sys_exit.o(.text)
    .text                                    0x08000440   Section        2  use_no_semi.o(.text)
    .text                                    0x08000442   Section        0  indicate_semi.o(.text)
    i.ADC_Init                               0x08000444   Section        0  stm32f4xx_hal_adc.o(i.ADC_Init)
    ADC_Init                                 0x08000445   Thumb Code   284  stm32f4xx_hal_adc.o(i.ADC_Init)
    i.BusFault_Handler                       0x0800056c   Section        0  stm32f4xx_it.o(i.BusFault_Handler)
    i.DebugMon_Handler                       0x0800056e   Section        0  stm32f4xx_it.o(i.DebugMon_Handler)
    i.Error_Handler                          0x08000570   Section        0  main.o(i.Error_Handler)
    i.Get_ADC_Value                          0x08000574   Section        0  main.o(i.Get_ADC_Value)
    i.HAL_ADC_ConfigChannel                  0x0800058c   Section        0  stm32f4xx_hal_adc.o(i.HAL_ADC_ConfigChannel)
    i.HAL_ADC_GetValue                       0x080006f0   Section        0  stm32f4xx_hal_adc.o(i.HAL_ADC_GetValue)
    i.HAL_ADC_Init                           0x080006f6   Section        0  stm32f4xx_hal_adc.o(i.HAL_ADC_Init)
    i.HAL_ADC_MspInit                        0x0800074c   Section        0  adc.o(i.HAL_ADC_MspInit)
    i.HAL_ADC_Start                          0x080007ac   Section        0  stm32f4xx_hal_adc.o(i.HAL_ADC_Start)
    i.HAL_GPIO_Init                          0x080008a8   Section        0  stm32f4xx_hal_gpio.o(i.HAL_GPIO_Init)
    i.HAL_GPIO_WritePin                      0x08000adc   Section        0  stm32f4xx_hal_gpio.o(i.HAL_GPIO_WritePin)
    i.HAL_GetTick                            0x08000ae8   Section        0  stm32f4xx_hal.o(i.HAL_GetTick)
    i.HAL_IncTick                            0x08000af4   Section        0  stm32f4xx_hal.o(i.HAL_IncTick)
    i.HAL_Init                               0x08000b04   Section        0  stm32f4xx_hal.o(i.HAL_Init)
    i.HAL_InitTick                           0x08000b38   Section        0  stm32f4xx_hal.o(i.HAL_InitTick)
    i.HAL_MspInit                            0x08000b78   Section        0  stm32f4xx_hal_msp.o(i.HAL_MspInit)
    i.HAL_NVIC_EnableIRQ                     0x08000ba8   Section        0  stm32f4xx_hal_cortex.o(i.HAL_NVIC_EnableIRQ)
    i.HAL_NVIC_SetPriority                   0x08000bc4   Section        0  stm32f4xx_hal_cortex.o(i.HAL_NVIC_SetPriority)
    i.HAL_NVIC_SetPriorityGrouping           0x08000c04   Section        0  stm32f4xx_hal_cortex.o(i.HAL_NVIC_SetPriorityGrouping)
    i.HAL_RCC_ClockConfig                    0x08000c28   Section        0  stm32f4xx_hal_rcc.o(i.HAL_RCC_ClockConfig)
    i.HAL_RCC_GetPCLK1Freq                   0x08000d5c   Section        0  stm32f4xx_hal_rcc.o(i.HAL_RCC_GetPCLK1Freq)
    i.HAL_RCC_GetPCLK2Freq                   0x08000d7c   Section        0  stm32f4xx_hal_rcc.o(i.HAL_RCC_GetPCLK2Freq)
    i.HAL_RCC_GetSysClockFreq                0x08000d9c   Section        0  stm32f4xx_hal_rcc.o(i.HAL_RCC_GetSysClockFreq)
    i.HAL_RCC_OscConfig                      0x08000e00   Section        0  stm32f4xx_hal_rcc.o(i.HAL_RCC_OscConfig)
    i.HAL_SPI_Init                           0x0800116c   Section        0  stm32f4xx_hal_spi.o(i.HAL_SPI_Init)
    i.HAL_SPI_MspInit                        0x08001228   Section        0  spi.o(i.HAL_SPI_MspInit)
    i.HAL_SPI_Transmit                       0x080012b0   Section        0  stm32f4xx_hal_spi.o(i.HAL_SPI_Transmit)
    i.HAL_SYSTICK_CLKSourceConfig            0x08001416   Section        0  stm32f4xx_hal_cortex.o(i.HAL_SYSTICK_CLKSourceConfig)
    i.HAL_SYSTICK_Config                     0x0800142e   Section        0  stm32f4xx_hal_cortex.o(i.HAL_SYSTICK_Config)
    i.HAL_TIMEx_BreakCallback                0x08001456   Section        0  stm32f4xx_hal_tim_ex.o(i.HAL_TIMEx_BreakCallback)
    i.HAL_TIMEx_CommutCallback               0x08001458   Section        0  stm32f4xx_hal_tim_ex.o(i.HAL_TIMEx_CommutCallback)
    i.HAL_TIMEx_MasterConfigSynchronization  0x0800145c   Section        0  stm32f4xx_hal_tim_ex.o(i.HAL_TIMEx_MasterConfigSynchronization)
    i.HAL_TIM_Base_Init                      0x080014ec   Section        0  stm32f4xx_hal_tim.o(i.HAL_TIM_Base_Init)
    i.HAL_TIM_Base_MspInit                   0x08001548   Section        0  tim.o(i.HAL_TIM_Base_MspInit)
    i.HAL_TIM_Base_Start_IT                  0x08001584   Section        0  stm32f4xx_hal_tim.o(i.HAL_TIM_Base_Start_IT)
    i.HAL_TIM_IC_CaptureCallback             0x08001604   Section        0  stm32f4xx_hal_tim.o(i.HAL_TIM_IC_CaptureCallback)
    i.HAL_TIM_IRQHandler                     0x08001606   Section        0  stm32f4xx_hal_tim.o(i.HAL_TIM_IRQHandler)
    i.HAL_TIM_OC_DelayElapsedCallback        0x0800176c   Section        0  stm32f4xx_hal_tim.o(i.HAL_TIM_OC_DelayElapsedCallback)
    i.HAL_TIM_PWM_PulseFinishedCallback      0x0800176e   Section        0  stm32f4xx_hal_tim.o(i.HAL_TIM_PWM_PulseFinishedCallback)
    i.HAL_TIM_PeriodElapsedCallback          0x08001770   Section        0  stm32f4xx_hal_tim.o(i.HAL_TIM_PeriodElapsedCallback)
    i.HAL_TIM_TriggerCallback                0x08001772   Section        0  stm32f4xx_hal_tim.o(i.HAL_TIM_TriggerCallback)
    i.HAL_UART_Init                          0x08001774   Section        0  stm32f4xx_hal_uart.o(i.HAL_UART_Init)
    i.HAL_UART_MspInit                       0x080017d8   Section        0  usart.o(i.HAL_UART_MspInit)
    i.HardFault_Handler                      0x08001844   Section        0  stm32f4xx_it.o(i.HardFault_Handler)
    i.HeartRate                              0x08001848   Section        0  stm32f4xx_it.o(i.HeartRate)
    i.LCD_Address_Set                        0x08001934   Section        0  lcd_init.o(i.LCD_Address_Set)
    i.LCD_DrawLine                           0x0800196e   Section        0  lcd.o(i.LCD_DrawLine)
    i.LCD_DrawPoint                          0x08001a0a   Section        0  lcd.o(i.LCD_DrawPoint)
    i.LCD_Fill                               0x08001a20   Section        0  lcd.o(i.LCD_Fill)
    i.LCD_Init                               0x08001a60   Section        0  lcd_init.o(i.LCD_Init)
    i.LCD_ShowChar                           0x08001c08   Section        0  lcd.o(i.LCD_ShowChar)
    i.LCD_ShowFloatNum1                      0x08001cc8   Section        0  lcd.o(i.LCD_ShowFloatNum1)
    i.LCD_ShowIntNum                         0x08001d60   Section        0  lcd.o(i.LCD_ShowIntNum)
    i.LCD_ShowString                         0x08001dde   Section        0  lcd.o(i.LCD_ShowString)
    i.LCD_WR_DATA                            0x08001e18   Section        0  lcd_init.o(i.LCD_WR_DATA)
    i.LCD_WR_REG                             0x08001e2c   Section        0  lcd_init.o(i.LCD_WR_REG)
    i.LCD_Writ_Bus                           0x08001e54   Section        0  lcd_init.o(i.LCD_Writ_Bus)
    i.MX_ADC1_Init                           0x08001e6c   Section        0  adc.o(i.MX_ADC1_Init)
    i.MX_GPIO_Init                           0x08001ed0   Section        0  gpio.o(i.MX_GPIO_Init)
    i.MX_SPI5_Init                           0x08001f8c   Section        0  spi.o(i.MX_SPI5_Init)
    i.MX_TIM6_Init                           0x08001fd4   Section        0  tim.o(i.MX_TIM6_Init)
    i.MX_USART1_UART_Init                    0x08002018   Section        0  usart.o(i.MX_USART1_UART_Init)
    i.MemManage_Handler                      0x08002050   Section        0  stm32f4xx_it.o(i.MemManage_Handler)
    i.NMI_Handler                            0x08002052   Section        0  stm32f4xx_it.o(i.NMI_Handler)
    i.PendSV_Handler                         0x08002054   Section        0  stm32f4xx_it.o(i.PendSV_Handler)
    i.SPI_EndRxTxTransaction                 0x08002058   Section        0  stm32f4xx_hal_spi.o(i.SPI_EndRxTxTransaction)
    SPI_EndRxTxTransaction                   0x08002059   Thumb Code    80  stm32f4xx_hal_spi.o(i.SPI_EndRxTxTransaction)
    i.SPI_WaitFlagStateUntilTimeout          0x080020b0   Section        0  stm32f4xx_hal_spi.o(i.SPI_WaitFlagStateUntilTimeout)
    SPI_WaitFlagStateUntilTimeout            0x080020b1   Thumb Code   180  stm32f4xx_hal_spi.o(i.SPI_WaitFlagStateUntilTimeout)
    i.SVC_Handler                            0x08002168   Section        0  stm32f4xx_it.o(i.SVC_Handler)
    i.SysTick_Handler                        0x0800216a   Section        0  stm32f4xx_it.o(i.SysTick_Handler)
    i.SystemClock_Config                     0x08002170   Section        0  main.o(i.SystemClock_Config)
    i.SystemInit                             0x08002208   Section        0  system_stm32f4xx.o(i.SystemInit)
    i.TIM6_DAC_IRQHandler                    0x08002218   Section        0  stm32f4xx_it.o(i.TIM6_DAC_IRQHandler)
    i.TIM_Base_SetConfig                     0x08002420   Section        0  stm32f4xx_hal_tim.o(i.TIM_Base_SetConfig)
    i.UART_SetConfig                         0x080024e8   Section        0  stm32f4xx_hal_uart.o(i.UART_SetConfig)
    UART_SetConfig                           0x080024e9   Thumb Code   258  stm32f4xx_hal_uart.o(i.UART_SetConfig)
    i.UsageFault_Handler                     0x080025f4   Section        0  stm32f4xx_it.o(i.UsageFault_Handler)
    i.__NVIC_SetPriority                     0x080025f6   Section        0  stm32f4xx_hal_cortex.o(i.__NVIC_SetPriority)
    __NVIC_SetPriority                       0x080025f7   Thumb Code    32  stm32f4xx_hal_cortex.o(i.__NVIC_SetPriority)
    i.delay_init                             0x08002618   Section        0  delay.o(i.delay_init)
    i.delay_ms                               0x0800262c   Section        0  delay.o(i.delay_ms)
    i.delay_us                               0x08002648   Section        0  delay.o(i.delay_us)
    i.main                                   0x0800267c   Section        0  main.o(i.main)
    i.mypow                                  0x08002734   Section        0  lcd.o(i.mypow)
    x$fpl$d2f                                0x08002744   Section       98  d2f.o(x$fpl$d2f)
    $v0                                      0x08002744   Number         0  d2f.o(x$fpl$d2f)
    x$fpl$dadd                               0x080027a8   Section      336  daddsub_clz.o(x$fpl$dadd)
    $v0                                      0x080027a8   Number         0  daddsub_clz.o(x$fpl$dadd)
    _dadd1                                   0x080027b9   Thumb Code     0  daddsub_clz.o(x$fpl$dadd)
    x$fpl$ddiv                               0x080028f8   Section      688  ddiv.o(x$fpl$ddiv)
    $v0                                      0x080028f8   Number         0  ddiv.o(x$fpl$ddiv)
    ddiv_entry                               0x080028ff   Thumb Code     0  ddiv.o(x$fpl$ddiv)
    x$fpl$dfixu                              0x08002ba8   Section       90  dfixu.o(x$fpl$dfixu)
    $v0                                      0x08002ba8   Number         0  dfixu.o(x$fpl$dfixu)
    x$fpl$dflt                               0x08002c02   Section       46  dflt_clz.o(x$fpl$dflt)
    $v0                                      0x08002c02   Number         0  dflt_clz.o(x$fpl$dflt)
    x$fpl$dfltu                              0x08002c30   Section       38  dflt_clz.o(x$fpl$dfltu)
    $v0                                      0x08002c30   Number         0  dflt_clz.o(x$fpl$dfltu)
    x$fpl$dmul                               0x08002c58   Section      340  dmul.o(x$fpl$dmul)
    $v0                                      0x08002c58   Number         0  dmul.o(x$fpl$dmul)
    x$fpl$dnaninf                            0x08002dac   Section      156  dnaninf.o(x$fpl$dnaninf)
    $v0                                      0x08002dac   Number         0  dnaninf.o(x$fpl$dnaninf)
    x$fpl$dretinf                            0x08002e48   Section       12  dretinf.o(x$fpl$dretinf)
    $v0                                      0x08002e48   Number         0  dretinf.o(x$fpl$dretinf)
    x$fpl$drsb                               0x08002e54   Section       22  daddsub_clz.o(x$fpl$drsb)
    $v0                                      0x08002e54   Number         0  daddsub_clz.o(x$fpl$drsb)
    x$fpl$dsub                               0x08002e6c   Section      468  daddsub_clz.o(x$fpl$dsub)
    $v0                                      0x08002e6c   Number         0  daddsub_clz.o(x$fpl$dsub)
    _dsub1                                   0x08002e7d   Thumb Code     0  daddsub_clz.o(x$fpl$dsub)
    x$fpl$f2d                                0x08003040   Section       86  f2d.o(x$fpl$f2d)
    $v0                                      0x08003040   Number         0  f2d.o(x$fpl$f2d)
    x$fpl$fnaninf                            0x08003096   Section      140  fnaninf.o(x$fpl$fnaninf)
    $v0                                      0x08003096   Number         0  fnaninf.o(x$fpl$fnaninf)
    x$fpl$fpinit                             0x08003122   Section       10  fpinit.o(x$fpl$fpinit)
    $v0                                      0x08003122   Number         0  fpinit.o(x$fpl$fpinit)
    x$fpl$fretinf                            0x0800312c   Section       10  fretinf.o(x$fpl$fretinf)
    $v0                                      0x0800312c   Number         0  fretinf.o(x$fpl$fretinf)
    .constdata                               0x08003136   Section       16  system_stm32f4xx.o(.constdata)
    x$fpl$usenofp                            0x08003136   Section        0  usenofp.o(x$fpl$usenofp)
    .constdata                               0x08003146   Section        8  system_stm32f4xx.o(.constdata)
    .constdata                               0x0800314e   Section     8790  lcd.o(.constdata)
    .data                                    0x20000000   Section       36  stm32f4xx_it.o(.data)
    .data                                    0x20000024   Section       12  stm32f4xx_hal.o(.data)
    .data                                    0x20000030   Section        4  system_stm32f4xx.o(.data)
    .data                                    0x20000034   Section        4  lcd_init.o(.data)
    .data                                    0x20000038   Section        4  delay.o(.data)
    fac_us                                   0x20000038   Data           4  delay.o(.data)
    .bss                                     0x2000003c   Section       72  adc.o(.bss)
    .bss                                     0x20000084   Section       88  spi.o(.bss)
    .bss                                     0x200000dc   Section       72  tim.o(.bss)
    .bss                                     0x20000124   Section       68  usart.o(.bss)
    .bss                                     0x20000168   Section     8804  stm32f4xx_it.o(.bss)
    .bss                                     0x200023cc   Section       96  libspace.o(.bss)
    HEAP                                     0x20002430   Section      512  startup_stm32f429xx.o(HEAP)
    Heap_Mem                                 0x20002430   Data         512  startup_stm32f429xx.o(HEAP)
    STACK                                    0x20002630   Section     1024  startup_stm32f429xx.o(STACK)
    Stack_Mem                                0x20002630   Data        1024  startup_stm32f429xx.o(STACK)
    __initial_sp                             0x20002a30   Data           0  startup_stm32f429xx.o(STACK)

    Global Symbols

    Symbol Name                              Value     Ov Type        Size  Object(Section)

    BuildAttributes$$THM_ISAv4$E$P$D$K$B$S$7EM$VFPi3$EXTD16$VFPS$VFMA$PE$A:L22UL41UL21$X:L11$S22US41US21$IEEE1$IW$USESV6$~STKCKD$USESV7$~SHL$OSPACE$ROPI$EBA8$UX$STANDARDLIB$REQ8$PRES8$EABIv2 0x00000000   Number         0  anon$$obj.o ABSOLUTE
    __ARM_use_no_argv                        0x00000000   Number         0  main.o ABSOLUTE
    __ARM_exceptions_init                     - Undefined Weak Reference
    __alloca_initialize                       - Undefined Weak Reference
    __arm_preinit_                            - Undefined Weak Reference
    __cpp_initialize__aeabi_                  - Undefined Weak Reference
    __cxa_finalize                            - Undefined Weak Reference
    __rt_locale                               - Undefined Weak Reference
    __sigvec_lookup                           - Undefined Weak Reference
    _atexit_init                              - Undefined Weak Reference
    _call_atexit_fns                          - Undefined Weak Reference
    _clock_init                               - Undefined Weak Reference
    _fp_trap_init                             - Undefined Weak Reference
    _fp_trap_shutdown                         - Undefined Weak Reference
    _get_lc_collate                           - Undefined Weak Reference
    _get_lc_ctype                             - Undefined Weak Reference
    _get_lc_monetary                          - Undefined Weak Reference
    _get_lc_numeric                           - Undefined Weak Reference
    _get_lc_time                              - Undefined Weak Reference
    _getenv_init                              - Undefined Weak Reference
    _handle_redirection                       - Undefined Weak Reference
    _init_alloc                               - Undefined Weak Reference
    _init_user_alloc                          - Undefined Weak Reference
    _initio                                   - Undefined Weak Reference
    _rand_init                                - Undefined Weak Reference
    _signal_finish                            - Undefined Weak Reference
    _signal_init                              - Undefined Weak Reference
    _terminate_alloc                          - Undefined Weak Reference
    _terminate_user_alloc                     - Undefined Weak Reference
    _terminateio                              - Undefined Weak Reference
    __Vectors_Size                           0x000001ac   Number         0  startup_stm32f429xx.o ABSOLUTE
    __Vectors                                0x08000000   Data           4  startup_stm32f429xx.o(RESET)
    __Vectors_End                            0x080001ac   Data           0  startup_stm32f429xx.o(RESET)
    __main                                   0x080001ad   Thumb Code     8  __main.o(!!!main)
    __scatterload                            0x080001b5   Thumb Code     0  __scatter.o(!!!scatter)
    __scatterload_rt2                        0x080001b5   Thumb Code    44  __scatter.o(!!!scatter)
    __scatterload_rt2_thumb_only             0x080001b5   Thumb Code     0  __scatter.o(!!!scatter)
    __scatterload_null                       0x080001c3   Thumb Code     0  __scatter.o(!!!scatter)
    __scatterload_copy                       0x080001e9   Thumb Code    26  __scatter_copy.o(!!handler_copy)
    __scatterload_zeroinit                   0x08000205   Thumb Code    28  __scatter_zi.o(!!handler_zi)
    __rt_lib_init                            0x08000221   Thumb Code     0  libinit.o(.ARM.Collect$$libinit$$00000000)
    __rt_lib_init_fp_1                       0x08000223   Thumb Code     0  libinit2.o(.ARM.Collect$$libinit$$00000001)
    __rt_lib_init_alloca_1                   0x08000227   Thumb Code     0  libinit2.o(.ARM.Collect$$libinit$$0000002E)
    __rt_lib_init_argv_1                     0x08000227   Thumb Code     0  libinit2.o(.ARM.Collect$$libinit$$0000002C)
    __rt_lib_init_atexit_1                   0x08000227   Thumb Code     0  libinit2.o(.ARM.Collect$$libinit$$0000001B)
    __rt_lib_init_clock_1                    0x08000227   Thumb Code     0  libinit2.o(.ARM.Collect$$libinit$$00000021)
    __rt_lib_init_cpp_1                      0x08000227   Thumb Code     0  libinit2.o(.ARM.Collect$$libinit$$00000032)
    __rt_lib_init_exceptions_1               0x08000227   Thumb Code     0  libinit2.o(.ARM.Collect$$libinit$$00000030)
    __rt_lib_init_fp_trap_1                  0x08000227   Thumb Code     0  libinit2.o(.ARM.Collect$$libinit$$0000001F)
    __rt_lib_init_getenv_1                   0x08000227   Thumb Code     0  libinit2.o(.ARM.Collect$$libinit$$00000023)
    __rt_lib_init_heap_1                     0x08000227   Thumb Code     0  libinit2.o(.ARM.Collect$$libinit$$0000000A)
    __rt_lib_init_lc_collate_1               0x08000227   Thumb Code     0  libinit2.o(.ARM.Collect$$libinit$$00000011)
    __rt_lib_init_lc_ctype_1                 0x08000227   Thumb Code     0  libinit2.o(.ARM.Collect$$libinit$$00000013)
    __rt_lib_init_lc_monetary_1              0x08000227   Thumb Code     0  libinit2.o(.ARM.Collect$$libinit$$00000015)
    __rt_lib_init_lc_numeric_1               0x08000227   Thumb Code     0  libinit2.o(.ARM.Collect$$libinit$$00000017)
    __rt_lib_init_lc_time_1                  0x08000227   Thumb Code     0  libinit2.o(.ARM.Collect$$libinit$$00000019)
    __rt_lib_init_preinit_1                  0x08000227   Thumb Code     0  libinit2.o(.ARM.Collect$$libinit$$00000004)
    __rt_lib_init_rand_1                     0x08000227   Thumb Code     0  libinit2.o(.ARM.Collect$$libinit$$0000000E)
    __rt_lib_init_return                     0x08000227   Thumb Code     0  libinit2.o(.ARM.Collect$$libinit$$00000033)
    __rt_lib_init_signal_1                   0x08000227   Thumb Code     0  libinit2.o(.ARM.Collect$$libinit$$0000001D)
    __rt_lib_init_stdio_1                    0x08000227   Thumb Code     0  libinit2.o(.ARM.Collect$$libinit$$00000025)
    __rt_lib_init_user_alloc_1               0x08000227   Thumb Code     0  libinit2.o(.ARM.Collect$$libinit$$0000000C)
    __rt_lib_shutdown                        0x08000229   Thumb Code     0  libshutdown.o(.ARM.Collect$$libshutdown$$00000000)
    __rt_lib_shutdown_cpp_1                  0x0800022b   Thumb Code     0  libshutdown2.o(.ARM.Collect$$libshutdown$$00000002)
    __rt_lib_shutdown_fp_trap_1              0x0800022b   Thumb Code     0  libshutdown2.o(.ARM.Collect$$libshutdown$$00000007)
    __rt_lib_shutdown_heap_1                 0x0800022b   Thumb Code     0  libshutdown2.o(.ARM.Collect$$libshutdown$$0000000F)
    __rt_lib_shutdown_return                 0x0800022b   Thumb Code     0  libshutdown2.o(.ARM.Collect$$libshutdown$$00000010)
    __rt_lib_shutdown_signal_1               0x0800022b   Thumb Code     0  libshutdown2.o(.ARM.Collect$$libshutdown$$0000000A)
    __rt_lib_shutdown_stdio_1                0x0800022b   Thumb Code     0  libshutdown2.o(.ARM.Collect$$libshutdown$$00000004)
    __rt_lib_shutdown_user_alloc_1           0x0800022b   Thumb Code     0  libshutdown2.o(.ARM.Collect$$libshutdown$$0000000C)
    __rt_entry                               0x0800022d   Thumb Code     0  __rtentry.o(.ARM.Collect$$rtentry$$00000000)
    __rt_entry_presh_1                       0x0800022d   Thumb Code     0  __rtentry2.o(.ARM.Collect$$rtentry$$00000002)
    __rt_entry_sh                            0x0800022d   Thumb Code     0  __rtentry4.o(.ARM.Collect$$rtentry$$00000004)
    __rt_entry_li                            0x08000233   Thumb Code     0  __rtentry2.o(.ARM.Collect$$rtentry$$0000000A)
    __rt_entry_postsh_1                      0x08000233   Thumb Code     0  __rtentry2.o(.ARM.Collect$$rtentry$$00000009)
    __rt_entry_main                          0x08000237   Thumb Code     0  __rtentry2.o(.ARM.Collect$$rtentry$$0000000D)
    __rt_entry_postli_1                      0x08000237   Thumb Code     0  __rtentry2.o(.ARM.Collect$$rtentry$$0000000C)
    __rt_exit                                0x0800023f   Thumb Code     0  rtexit.o(.ARM.Collect$$rtexit$$00000000)
    __rt_exit_ls                             0x08000241   Thumb Code     0  rtexit2.o(.ARM.Collect$$rtexit$$00000003)
    __rt_exit_prels_1                        0x08000241   Thumb Code     0  rtexit2.o(.ARM.Collect$$rtexit$$00000002)
    __rt_exit_exit                           0x08000245   Thumb Code     0  rtexit2.o(.ARM.Collect$$rtexit$$00000004)
    Reset_Handler                            0x0800024d   Thumb Code     8  startup_stm32f429xx.o(.text)
    ADC_IRQHandler                           0x08000267   Thumb Code     0  startup_stm32f429xx.o(.text)
    CAN1_RX0_IRQHandler                      0x08000267   Thumb Code     0  startup_stm32f429xx.o(.text)
    CAN1_RX1_IRQHandler                      0x08000267   Thumb Code     0  startup_stm32f429xx.o(.text)
    CAN1_SCE_IRQHandler                      0x08000267   Thumb Code     0  startup_stm32f429xx.o(.text)
    CAN1_TX_IRQHandler                       0x08000267   Thumb Code     0  startup_stm32f429xx.o(.text)
    CAN2_RX0_IRQHandler                      0x08000267   Thumb Code     0  startup_stm32f429xx.o(.text)
    CAN2_RX1_IRQHandler                      0x08000267   Thumb Code     0  startup_stm32f429xx.o(.text)
    CAN2_SCE_IRQHandler                      0x08000267   Thumb Code     0  startup_stm32f429xx.o(.text)
    CAN2_TX_IRQHandler                       0x08000267   Thumb Code     0  startup_stm32f429xx.o(.text)
    DCMI_IRQHandler                          0x08000267   Thumb Code     0  startup_stm32f429xx.o(.text)
    DMA1_Stream0_IRQHandler                  0x08000267   Thumb Code     0  startup_stm32f429xx.o(.text)
    DMA1_Stream1_IRQHandler                  0x08000267   Thumb Code     0  startup_stm32f429xx.o(.text)
    DMA1_Stream2_IRQHandler                  0x08000267   Thumb Code     0  startup_stm32f429xx.o(.text)
    DMA1_Stream3_IRQHandler                  0x08000267   Thumb Code     0  startup_stm32f429xx.o(.text)
    DMA1_Stream4_IRQHandler                  0x08000267   Thumb Code     0  startup_stm32f429xx.o(.text)
    DMA1_Stream5_IRQHandler                  0x08000267   Thumb Code     0  startup_stm32f429xx.o(.text)
    DMA1_Stream6_IRQHandler                  0x08000267   Thumb Code     0  startup_stm32f429xx.o(.text)
    DMA1_Stream7_IRQHandler                  0x08000267   Thumb Code     0  startup_stm32f429xx.o(.text)
    DMA2D_IRQHandler                         0x08000267   Thumb Code     0  startup_stm32f429xx.o(.text)
    DMA2_Stream0_IRQHandler                  0x08000267   Thumb Code     0  startup_stm32f429xx.o(.text)
    DMA2_Stream1_IRQHandler                  0x08000267   Thumb Code     0  startup_stm32f429xx.o(.text)
    DMA2_Stream2_IRQHandler                  0x08000267   Thumb Code     0  startup_stm32f429xx.o(.text)
    DMA2_Stream3_IRQHandler                  0x08000267   Thumb Code     0  startup_stm32f429xx.o(.text)
    DMA2_Stream4_IRQHandler                  0x08000267   Thumb Code     0  startup_stm32f429xx.o(.text)
    DMA2_Stream5_IRQHandler                  0x08000267   Thumb Code     0  startup_stm32f429xx.o(.text)
    DMA2_Stream6_IRQHandler                  0x08000267   Thumb Code     0  startup_stm32f429xx.o(.text)
    DMA2_Stream7_IRQHandler                  0x08000267   Thumb Code     0  startup_stm32f429xx.o(.text)
    ETH_IRQHandler                           0x08000267   Thumb Code     0  startup_stm32f429xx.o(.text)
    ETH_WKUP_IRQHandler                      0x08000267   Thumb Code     0  startup_stm32f429xx.o(.text)
    EXTI0_IRQHandler                         0x08000267   Thumb Code     0  startup_stm32f429xx.o(.text)
    EXTI15_10_IRQHandler                     0x08000267   Thumb Code     0  startup_stm32f429xx.o(.text)
    EXTI1_IRQHandler                         0x08000267   Thumb Code     0  startup_stm32f429xx.o(.text)
    EXTI2_IRQHandler                         0x08000267   Thumb Code     0  startup_stm32f429xx.o(.text)
    EXTI3_IRQHandler                         0x08000267   Thumb Code     0  startup_stm32f429xx.o(.text)
    EXTI4_IRQHandler                         0x08000267   Thumb Code     0  startup_stm32f429xx.o(.text)
    EXTI9_5_IRQHandler                       0x08000267   Thumb Code     0  startup_stm32f429xx.o(.text)
    FLASH_IRQHandler                         0x08000267   Thumb Code     0  startup_stm32f429xx.o(.text)
    FMC_IRQHandler                           0x08000267   Thumb Code     0  startup_stm32f429xx.o(.text)
    FPU_IRQHandler                           0x08000267   Thumb Code     0  startup_stm32f429xx.o(.text)
    HASH_RNG_IRQHandler                      0x08000267   Thumb Code     0  startup_stm32f429xx.o(.text)
    I2C1_ER_IRQHandler                       0x08000267   Thumb Code     0  startup_stm32f429xx.o(.text)
    I2C1_EV_IRQHandler                       0x08000267   Thumb Code     0  startup_stm32f429xx.o(.text)
    I2C2_ER_IRQHandler                       0x08000267   Thumb Code     0  startup_stm32f429xx.o(.text)
    I2C2_EV_IRQHandler                       0x08000267   Thumb Code     0  startup_stm32f429xx.o(.text)
    I2C3_ER_IRQHandler                       0x08000267   Thumb Code     0  startup_stm32f429xx.o(.text)
    I2C3_EV_IRQHandler                       0x08000267   Thumb Code     0  startup_stm32f429xx.o(.text)
    LTDC_ER_IRQHandler                       0x08000267   Thumb Code     0  startup_stm32f429xx.o(.text)
    LTDC_IRQHandler                          0x08000267   Thumb Code     0  startup_stm32f429xx.o(.text)
    OTG_FS_IRQHandler                        0x08000267   Thumb Code     0  startup_stm32f429xx.o(.text)
    OTG_FS_WKUP_IRQHandler                   0x08000267   Thumb Code     0  startup_stm32f429xx.o(.text)
    OTG_HS_EP1_IN_IRQHandler                 0x08000267   Thumb Code     0  startup_stm32f429xx.o(.text)
    OTG_HS_EP1_OUT_IRQHandler                0x08000267   Thumb Code     0  startup_stm32f429xx.o(.text)
    OTG_HS_IRQHandler                        0x08000267   Thumb Code     0  startup_stm32f429xx.o(.text)
    OTG_HS_WKUP_IRQHandler                   0x08000267   Thumb Code     0  startup_stm32f429xx.o(.text)
    PVD_IRQHandler                           0x08000267   Thumb Code     0  startup_stm32f429xx.o(.text)
    RCC_IRQHandler                           0x08000267   Thumb Code     0  startup_stm32f429xx.o(.text)
    RTC_Alarm_IRQHandler                     0x08000267   Thumb Code     0  startup_stm32f429xx.o(.text)
    RTC_WKUP_IRQHandler                      0x08000267   Thumb Code     0  startup_stm32f429xx.o(.text)
    SAI1_IRQHandler                          0x08000267   Thumb Code     0  startup_stm32f429xx.o(.text)
    SDIO_IRQHandler                          0x08000267   Thumb Code     0  startup_stm32f429xx.o(.text)
    SPI1_IRQHandler                          0x08000267   Thumb Code     0  startup_stm32f429xx.o(.text)
    SPI2_IRQHandler                          0x08000267   Thumb Code     0  startup_stm32f429xx.o(.text)
    SPI3_IRQHandler                          0x08000267   Thumb Code     0  startup_stm32f429xx.o(.text)
    SPI4_IRQHandler                          0x08000267   Thumb Code     0  startup_stm32f429xx.o(.text)
    SPI5_IRQHandler                          0x08000267   Thumb Code     0  startup_stm32f429xx.o(.text)
    SPI6_IRQHandler                          0x08000267   Thumb Code     0  startup_stm32f429xx.o(.text)
    TAMP_STAMP_IRQHandler                    0x08000267   Thumb Code     0  startup_stm32f429xx.o(.text)
    TIM1_BRK_TIM9_IRQHandler                 0x08000267   Thumb Code     0  startup_stm32f429xx.o(.text)
    TIM1_CC_IRQHandler                       0x08000267   Thumb Code     0  startup_stm32f429xx.o(.text)
    TIM1_TRG_COM_TIM11_IRQHandler            0x08000267   Thumb Code     0  startup_stm32f429xx.o(.text)
    TIM1_UP_TIM10_IRQHandler                 0x08000267   Thumb Code     0  startup_stm32f429xx.o(.text)
    TIM2_IRQHandler                          0x08000267   Thumb Code     0  startup_stm32f429xx.o(.text)
    TIM3_IRQHandler                          0x08000267   Thumb Code     0  startup_stm32f429xx.o(.text)
    TIM4_IRQHandler                          0x08000267   Thumb Code     0  startup_stm32f429xx.o(.text)
    TIM5_IRQHandler                          0x08000267   Thumb Code     0  startup_stm32f429xx.o(.text)
    TIM7_IRQHandler                          0x08000267   Thumb Code     0  startup_stm32f429xx.o(.text)
    TIM8_BRK_TIM12_IRQHandler                0x08000267   Thumb Code     0  startup_stm32f429xx.o(.text)
    TIM8_CC_IRQHandler                       0x08000267   Thumb Code     0  startup_stm32f429xx.o(.text)
    TIM8_TRG_COM_TIM14_IRQHandler            0x08000267   Thumb Code     0  startup_stm32f429xx.o(.text)
    TIM8_UP_TIM13_IRQHandler                 0x08000267   Thumb Code     0  startup_stm32f429xx.o(.text)
    UART4_IRQHandler                         0x08000267   Thumb Code     0  startup_stm32f429xx.o(.text)
    UART5_IRQHandler                         0x08000267   Thumb Code     0  startup_stm32f429xx.o(.text)
    UART7_IRQHandler                         0x08000267   Thumb Code     0  startup_stm32f429xx.o(.text)
    UART8_IRQHandler                         0x08000267   Thumb Code     0  startup_stm32f429xx.o(.text)
    USART1_IRQHandler                        0x08000267   Thumb Code     0  startup_stm32f429xx.o(.text)
    USART2_IRQHandler                        0x08000267   Thumb Code     0  startup_stm32f429xx.o(.text)
    USART3_IRQHandler                        0x08000267   Thumb Code     0  startup_stm32f429xx.o(.text)
    USART6_IRQHandler                        0x08000267   Thumb Code     0  startup_stm32f429xx.o(.text)
    WWDG_IRQHandler                          0x08000267   Thumb Code     0  startup_stm32f429xx.o(.text)
    __user_initial_stackheap                 0x08000269   Thumb Code     0  startup_stm32f429xx.o(.text)
    __aeabi_uldivmod                         0x0800028d   Thumb Code     0  lludivv7m.o(.text)
    _ll_udiv                                 0x0800028d   Thumb Code   238  lludivv7m.o(.text)
    __aeabi_memclr4                          0x0800037b   Thumb Code     0  rt_memclr_w.o(.text)
    __aeabi_memclr8                          0x0800037b   Thumb Code     0  rt_memclr_w.o(.text)
    __rt_memclr_w                            0x0800037b   Thumb Code    78  rt_memclr_w.o(.text)
    _memset_w                                0x0800037f   Thumb Code     0  rt_memclr_w.o(.text)
    __use_two_region_memory                  0x080003c9   Thumb Code     2  heapauxi.o(.text)
    __rt_heap_escrow$2region                 0x080003cb   Thumb Code     2  heapauxi.o(.text)
    __rt_heap_expand$2region                 0x080003cd   Thumb Code     2  heapauxi.o(.text)
    __user_setup_stackheap                   0x080003cf   Thumb Code    74  sys_stackheap_outer.o(.text)
    exit                                     0x08000419   Thumb Code    18  exit.o(.text)
    __user_libspace                          0x0800042d   Thumb Code     8  libspace.o(.text)
    __user_perproc_libspace                  0x0800042d   Thumb Code     0  libspace.o(.text)
    __user_perthread_libspace                0x0800042d   Thumb Code     0  libspace.o(.text)
    _sys_exit                                0x08000435   Thumb Code     8  sys_exit.o(.text)
    __I$use$semihosting                      0x08000441   Thumb Code     0  use_no_semi.o(.text)
    __use_no_semihosting_swi                 0x08000441   Thumb Code     2  use_no_semi.o(.text)
    __semihosting_library_function           0x08000443   Thumb Code     0  indicate_semi.o(.text)
    BusFault_Handler                         0x0800056d   Thumb Code     2  stm32f4xx_it.o(i.BusFault_Handler)
    DebugMon_Handler                         0x0800056f   Thumb Code     2  stm32f4xx_it.o(i.DebugMon_Handler)
    Error_Handler                            0x08000571   Thumb Code     4  main.o(i.Error_Handler)
    Get_ADC_Value                            0x08000575   Thumb Code    18  main.o(i.Get_ADC_Value)
    HAL_ADC_ConfigChannel                    0x0800058d   Thumb Code   334  stm32f4xx_hal_adc.o(i.HAL_ADC_ConfigChannel)
    HAL_ADC_GetValue                         0x080006f1   Thumb Code     6  stm32f4xx_hal_adc.o(i.HAL_ADC_GetValue)
    HAL_ADC_Init                             0x080006f7   Thumb Code    84  stm32f4xx_hal_adc.o(i.HAL_ADC_Init)
    HAL_ADC_MspInit                          0x0800074d   Thumb Code    84  adc.o(i.HAL_ADC_MspInit)
    HAL_ADC_Start                            0x080007ad   Thumb Code   228  stm32f4xx_hal_adc.o(i.HAL_ADC_Start)
    HAL_GPIO_Init                            0x080008a9   Thumb Code   510  stm32f4xx_hal_gpio.o(i.HAL_GPIO_Init)
    HAL_GPIO_WritePin                        0x08000add   Thumb Code    10  stm32f4xx_hal_gpio.o(i.HAL_GPIO_WritePin)
    HAL_GetTick                              0x08000ae9   Thumb Code     6  stm32f4xx_hal.o(i.HAL_GetTick)
    HAL_IncTick                              0x08000af5   Thumb Code    12  stm32f4xx_hal.o(i.HAL_IncTick)
    HAL_Init                                 0x08000b05   Thumb Code    48  stm32f4xx_hal.o(i.HAL_Init)
    HAL_InitTick                             0x08000b39   Thumb Code    54  stm32f4xx_hal.o(i.HAL_InitTick)
    HAL_MspInit                              0x08000b79   Thumb Code    42  stm32f4xx_hal_msp.o(i.HAL_MspInit)
    HAL_NVIC_EnableIRQ                       0x08000ba9   Thumb Code    26  stm32f4xx_hal_cortex.o(i.HAL_NVIC_EnableIRQ)
    HAL_NVIC_SetPriority                     0x08000bc5   Thumb Code    60  stm32f4xx_hal_cortex.o(i.HAL_NVIC_SetPriority)
    HAL_NVIC_SetPriorityGrouping             0x08000c05   Thumb Code    26  stm32f4xx_hal_cortex.o(i.HAL_NVIC_SetPriorityGrouping)
    HAL_RCC_ClockConfig                      0x08000c29   Thumb Code   288  stm32f4xx_hal_rcc.o(i.HAL_RCC_ClockConfig)
    HAL_RCC_GetPCLK1Freq                     0x08000d5d   Thumb Code    20  stm32f4xx_hal_rcc.o(i.HAL_RCC_GetPCLK1Freq)
    HAL_RCC_GetPCLK2Freq                     0x08000d7d   Thumb Code    20  stm32f4xx_hal_rcc.o(i.HAL_RCC_GetPCLK2Freq)
    HAL_RCC_GetSysClockFreq                  0x08000d9d   Thumb Code    88  stm32f4xx_hal_rcc.o(i.HAL_RCC_GetSysClockFreq)
    HAL_RCC_OscConfig                        0x08000e01   Thumb Code   856  stm32f4xx_hal_rcc.o(i.HAL_RCC_OscConfig)
    HAL_SPI_Init                             0x0800116d   Thumb Code   188  stm32f4xx_hal_spi.o(i.HAL_SPI_Init)
    HAL_SPI_MspInit                          0x08001229   Thumb Code   118  spi.o(i.HAL_SPI_MspInit)
    HAL_SPI_Transmit                         0x080012b1   Thumb Code   358  stm32f4xx_hal_spi.o(i.HAL_SPI_Transmit)
    HAL_SYSTICK_CLKSourceConfig              0x08001417   Thumb Code    24  stm32f4xx_hal_cortex.o(i.HAL_SYSTICK_CLKSourceConfig)
    HAL_SYSTICK_Config                       0x0800142f   Thumb Code    40  stm32f4xx_hal_cortex.o(i.HAL_SYSTICK_Config)
    HAL_TIMEx_BreakCallback                  0x08001457   Thumb Code     2  stm32f4xx_hal_tim_ex.o(i.HAL_TIMEx_BreakCallback)
    HAL_TIMEx_CommutCallback                 0x08001459   Thumb Code     2  stm32f4xx_hal_tim_ex.o(i.HAL_TIMEx_CommutCallback)
    HAL_TIMEx_MasterConfigSynchronization    0x0800145d   Thumb Code   116  stm32f4xx_hal_tim_ex.o(i.HAL_TIMEx_MasterConfigSynchronization)
    HAL_TIM_Base_Init                        0x080014ed   Thumb Code    90  stm32f4xx_hal_tim.o(i.HAL_TIM_Base_Init)
    HAL_TIM_Base_MspInit                     0x08001549   Thumb Code    50  tim.o(i.HAL_TIM_Base_MspInit)
    HAL_TIM_Base_Start_IT                    0x08001585   Thumb Code   100  stm32f4xx_hal_tim.o(i.HAL_TIM_Base_Start_IT)
    HAL_TIM_IC_CaptureCallback               0x08001605   Thumb Code     2  stm32f4xx_hal_tim.o(i.HAL_TIM_IC_CaptureCallback)
    HAL_TIM_IRQHandler                       0x08001607   Thumb Code   358  stm32f4xx_hal_tim.o(i.HAL_TIM_IRQHandler)
    HAL_TIM_OC_DelayElapsedCallback          0x0800176d   Thumb Code     2  stm32f4xx_hal_tim.o(i.HAL_TIM_OC_DelayElapsedCallback)
    HAL_TIM_PWM_PulseFinishedCallback        0x0800176f   Thumb Code     2  stm32f4xx_hal_tim.o(i.HAL_TIM_PWM_PulseFinishedCallback)
    HAL_TIM_PeriodElapsedCallback            0x08001771   Thumb Code     2  stm32f4xx_hal_tim.o(i.HAL_TIM_PeriodElapsedCallback)
    HAL_TIM_TriggerCallback                  0x08001773   Thumb Code     2  stm32f4xx_hal_tim.o(i.HAL_TIM_TriggerCallback)
    HAL_UART_Init                            0x08001775   Thumb Code    98  stm32f4xx_hal_uart.o(i.HAL_UART_Init)
    HAL_UART_MspInit                         0x080017d9   Thumb Code    94  usart.o(i.HAL_UART_MspInit)
    HardFault_Handler                        0x08001845   Thumb Code     2  stm32f4xx_it.o(i.HardFault_Handler)
    HeartRate                                0x08001849   Thumb Code   210  stm32f4xx_it.o(i.HeartRate)
    LCD_Address_Set                          0x08001935   Thumb Code    58  lcd_init.o(i.LCD_Address_Set)
    LCD_DrawLine                             0x0800196f   Thumb Code   156  lcd.o(i.LCD_DrawLine)
    LCD_DrawPoint                            0x08001a0b   Thumb Code    22  lcd.o(i.LCD_DrawPoint)
    LCD_Fill                                 0x08001a21   Thumb Code    62  lcd.o(i.LCD_Fill)
    LCD_Init                                 0x08001a61   Thumb Code   418  lcd_init.o(i.LCD_Init)
    LCD_ShowChar                             0x08001c09   Thumb Code   182  lcd.o(i.LCD_ShowChar)
    LCD_ShowFloatNum1                        0x08001cc9   Thumb Code   146  lcd.o(i.LCD_ShowFloatNum1)
    LCD_ShowIntNum                           0x08001d61   Thumb Code   126  lcd.o(i.LCD_ShowIntNum)
    LCD_ShowString                           0x08001ddf   Thumb Code    58  lcd.o(i.LCD_ShowString)
    LCD_WR_DATA                              0x08001e19   Thumb Code    20  lcd_init.o(i.LCD_WR_DATA)
    LCD_WR_REG                               0x08001e2d   Thumb Code    36  lcd_init.o(i.LCD_WR_REG)
    LCD_Writ_Bus                             0x08001e55   Thumb Code    18  lcd_init.o(i.LCD_Writ_Bus)
    MX_ADC1_Init                             0x08001e6d   Thumb Code    88  adc.o(i.MX_ADC1_Init)
    MX_GPIO_Init                             0x08001ed1   Thumb Code   176  gpio.o(i.MX_GPIO_Init)
    MX_SPI5_Init                             0x08001f8d   Thumb Code    62  spi.o(i.MX_SPI5_Init)
    MX_TIM6_Init                             0x08001fd5   Thumb Code    60  tim.o(i.MX_TIM6_Init)
    MX_USART1_UART_Init                      0x08002019   Thumb Code    48  usart.o(i.MX_USART1_UART_Init)
    MemManage_Handler                        0x08002051   Thumb Code     2  stm32f4xx_it.o(i.MemManage_Handler)
    NMI_Handler                              0x08002053   Thumb Code     2  stm32f4xx_it.o(i.NMI_Handler)
    PendSV_Handler                           0x08002055   Thumb Code     2  stm32f4xx_it.o(i.PendSV_Handler)
    SVC_Handler                              0x08002169   Thumb Code     2  stm32f4xx_it.o(i.SVC_Handler)
    SysTick_Handler                          0x0800216b   Thumb Code     4  stm32f4xx_it.o(i.SysTick_Handler)
    SystemClock_Config                       0x08002171   Thumb Code   144  main.o(i.SystemClock_Config)
    SystemInit                               0x08002209   Thumb Code    12  system_stm32f4xx.o(i.SystemInit)
    TIM6_DAC_IRQHandler                      0x08002219   Thumb Code   452  stm32f4xx_it.o(i.TIM6_DAC_IRQHandler)
    TIM_Base_SetConfig                       0x08002421   Thumb Code   156  stm32f4xx_hal_tim.o(i.TIM_Base_SetConfig)
    UsageFault_Handler                       0x080025f5   Thumb Code     2  stm32f4xx_it.o(i.UsageFault_Handler)
    delay_init                               0x08002619   Thumb Code    16  delay.o(i.delay_init)
    delay_ms                                 0x0800262d   Thumb Code    26  delay.o(i.delay_ms)
    delay_us                                 0x08002649   Thumb Code    48  delay.o(i.delay_us)
    main                                     0x0800267d   Thumb Code   152  main.o(i.main)
    mypow                                    0x08002735   Thumb Code    16  lcd.o(i.mypow)
    __aeabi_d2f                              0x08002745   Thumb Code     0  d2f.o(x$fpl$d2f)
    _d2f                                     0x08002745   Thumb Code    98  d2f.o(x$fpl$d2f)
    __aeabi_dadd                             0x080027a9   Thumb Code     0  daddsub_clz.o(x$fpl$dadd)
    _dadd                                    0x080027a9   Thumb Code   332  daddsub_clz.o(x$fpl$dadd)
    __aeabi_ddiv                             0x080028f9   Thumb Code     0  ddiv.o(x$fpl$ddiv)
    _ddiv                                    0x080028f9   Thumb Code   552  ddiv.o(x$fpl$ddiv)
    __aeabi_d2uiz                            0x08002ba9   Thumb Code     0  dfixu.o(x$fpl$dfixu)
    _dfixu                                   0x08002ba9   Thumb Code    90  dfixu.o(x$fpl$dfixu)
    __aeabi_i2d                              0x08002c03   Thumb Code     0  dflt_clz.o(x$fpl$dflt)
    _dflt                                    0x08002c03   Thumb Code    46  dflt_clz.o(x$fpl$dflt)
    __aeabi_ui2d                             0x08002c31   Thumb Code     0  dflt_clz.o(x$fpl$dfltu)
    _dfltu                                   0x08002c31   Thumb Code    38  dflt_clz.o(x$fpl$dfltu)
    __aeabi_dmul                             0x08002c59   Thumb Code     0  dmul.o(x$fpl$dmul)
    _dmul                                    0x08002c59   Thumb Code   332  dmul.o(x$fpl$dmul)
    __fpl_dnaninf                            0x08002dad   Thumb Code   156  dnaninf.o(x$fpl$dnaninf)
    __fpl_dretinf                            0x08002e49   Thumb Code    12  dretinf.o(x$fpl$dretinf)
    __aeabi_drsub                            0x08002e55   Thumb Code     0  daddsub_clz.o(x$fpl$drsb)
    _drsb                                    0x08002e55   Thumb Code    22  daddsub_clz.o(x$fpl$drsb)
    __aeabi_dsub                             0x08002e6d   Thumb Code     0  daddsub_clz.o(x$fpl$dsub)
    _dsub                                    0x08002e6d   Thumb Code   464  daddsub_clz.o(x$fpl$dsub)
    __aeabi_f2d                              0x08003041   Thumb Code     0  f2d.o(x$fpl$f2d)
    _f2d                                     0x08003041   Thumb Code    86  f2d.o(x$fpl$f2d)
    __fpl_fnaninf                            0x08003097   Thumb Code   140  fnaninf.o(x$fpl$fnaninf)
    _fp_init                                 0x08003123   Thumb Code    10  fpinit.o(x$fpl$fpinit)
    __fplib_config_fpu_vfp                   0x0800312b   Thumb Code     0  fpinit.o(x$fpl$fpinit)
    __fplib_config_pureend_doubles           0x0800312b   Thumb Code     0  fpinit.o(x$fpl$fpinit)
    __fpl_fretinf                            0x0800312d   Thumb Code    10  fretinf.o(x$fpl$fretinf)
    AHBPrescTable                            0x08003136   Data          16  system_stm32f4xx.o(.constdata)
    __I$use$fp                               0x08003136   Number         0  usenofp.o(x$fpl$usenofp)
    APBPrescTable                            0x08003146   Data           8  system_stm32f4xx.o(.constdata)
    ascii_1608                               0x0800314e   Data        1520  lcd.o(.constdata)
    ascii_3216                               0x0800373e   Data        6080  lcd.o(.constdata)
    tfont16                                  0x08004efe   Data         170  lcd.o(.constdata)
    tfont24                                  0x08004fa8   Data         370  lcd.o(.constdata)
    tfont32                                  0x0800511a   Data         650  lcd.o(.constdata)
    Region$$Table$$Base                      0x080053a4   Number         0  anon$$obj.o(Region$$Table)
    Region$$Table$$Limit                     0x080053c4   Number         0  anon$$obj.o(Region$$Table)
    i                                        0x20000000   Data           2  stm32f4xx_it.o(.data)
    j                                        0x20000002   Data           2  stm32f4xx_it.o(.data)
    px                                       0x20000004   Data           4  stm32f4xx_it.o(.data)
    py                                       0x20000008   Data           4  stm32f4xx_it.o(.data)
    py0                                      0x2000000c   Data           4  stm32f4xx_it.o(.data)
    data                                     0x20000010   Data           4  stm32f4xx_it.o(.data)
    max                                      0x20000014   Data           4  stm32f4xx_it.o(.data)
    min                                      0x20000018   Data           4  stm32f4xx_it.o(.data)
    f                                        0x2000001c   Data           4  stm32f4xx_it.o(.data)
    freq                                     0x20000020   Data           4  stm32f4xx_it.o(.data)
    uwTickFreq                               0x20000024   Data           1  stm32f4xx_hal.o(.data)
    uwTickPrio                               0x20000028   Data           4  stm32f4xx_hal.o(.data)
    uwTick                                   0x2000002c   Data           4  stm32f4xx_hal.o(.data)
    SystemCoreClock                          0x20000030   Data           4  system_stm32f4xx.o(.data)
    oled_spi                                 0x20000034   Data           4  lcd_init.o(.data)
    hadc1                                    0x2000003c   Data          72  adc.o(.bss)
    hspi5                                    0x20000084   Data          88  spi.o(.bss)
    htim6                                    0x200000dc   Data          72  tim.o(.bss)
    huart1                                   0x20000124   Data          68  usart.o(.bss)
    array                                    0x20000168   Data        8804  stm32f4xx_it.o(.bss)
    __libspace_start                         0x200023cc   Data          96  libspace.o(.bss)
    __temporary_stack_top$libspace           0x2000242c   Data           0  libspace.o(.bss)



==============================================================================

Memory Map of the image

  Image Entry point : 0x080001ad

  Load Region LR_IROM1 (Base: 0x08000000, Size: 0x00005400, Max: 0x00100000, ABSOLUTE)

    Execution Region ER_IROM1 (Base: 0x08000000, Size: 0x000053c4, Max: 0x00100000, ABSOLUTE)

    Base Addr    Size         Type   Attr      Idx    E Section Name        Object

    0x08000000   0x000001ac   Data   RO            3    RESET               startup_stm32f429xx.o
    0x080001ac   0x00000008   Code   RO         3900  * !!!main             c_w.l(__main.o)
    0x080001b4   0x00000034   Code   RO         4102    !!!scatter          c_w.l(__scatter.o)
    0x080001e8   0x0000001a   Code   RO         4104    !!handler_copy      c_w.l(__scatter_copy.o)
    0x08000202   0x00000002   PAD
    0x08000204   0x0000001c   Code   RO         4106    !!handler_zi        c_w.l(__scatter_zi.o)
    0x08000220   0x00000002   Code   RO         3972    .ARM.Collect$$libinit$$00000000  c_w.l(libinit.o)
    0x08000222   0x00000004   Code   RO         3984    .ARM.Collect$$libinit$$00000001  c_w.l(libinit2.o)
    0x08000226   0x00000000   Code   RO         3987    .ARM.Collect$$libinit$$00000004  c_w.l(libinit2.o)
    0x08000226   0x00000000   Code   RO         3990    .ARM.Collect$$libinit$$0000000A  c_w.l(libinit2.o)
    0x08000226   0x00000000   Code   RO         3992    .ARM.Collect$$libinit$$0000000C  c_w.l(libinit2.o)
    0x08000226   0x00000000   Code   RO         3994    .ARM.Collect$$libinit$$0000000E  c_w.l(libinit2.o)
    0x08000226   0x00000000   Code   RO         3997    .ARM.Collect$$libinit$$00000011  c_w.l(libinit2.o)
    0x08000226   0x00000000   Code   RO         3999    .ARM.Collect$$libinit$$00000013  c_w.l(libinit2.o)
    0x08000226   0x00000000   Code   RO         4001    .ARM.Collect$$libinit$$00000015  c_w.l(libinit2.o)
    0x08000226   0x00000000   Code   RO         4003    .ARM.Collect$$libinit$$00000017  c_w.l(libinit2.o)
    0x08000226   0x00000000   Code   RO         4005    .ARM.Collect$$libinit$$00000019  c_w.l(libinit2.o)
    0x08000226   0x00000000   Code   RO         4007    .ARM.Collect$$libinit$$0000001B  c_w.l(libinit2.o)
    0x08000226   0x00000000   Code   RO         4009    .ARM.Collect$$libinit$$0000001D  c_w.l(libinit2.o)
    0x08000226   0x00000000   Code   RO         4011    .ARM.Collect$$libinit$$0000001F  c_w.l(libinit2.o)
    0x08000226   0x00000000   Code   RO         4013    .ARM.Collect$$libinit$$00000021  c_w.l(libinit2.o)
    0x08000226   0x00000000   Code   RO         4015    .ARM.Collect$$libinit$$00000023  c_w.l(libinit2.o)
    0x08000226   0x00000000   Code   RO         4017    .ARM.Collect$$libinit$$00000025  c_w.l(libinit2.o)
    0x08000226   0x00000000   Code   RO         4021    .ARM.Collect$$libinit$$0000002C  c_w.l(libinit2.o)
    0x08000226   0x00000000   Code   RO         4023    .ARM.Collect$$libinit$$0000002E  c_w.l(libinit2.o)
    0x08000226   0x00000000   Code   RO         4025    .ARM.Collect$$libinit$$00000030  c_w.l(libinit2.o)
    0x08000226   0x00000000   Code   RO         4027    .ARM.Collect$$libinit$$00000032  c_w.l(libinit2.o)
    0x08000226   0x00000002   Code   RO         4028    .ARM.Collect$$libinit$$00000033  c_w.l(libinit2.o)
    0x08000228   0x00000002   Code   RO         4059    .ARM.Collect$$libshutdown$$00000000  c_w.l(libshutdown.o)
    0x0800022a   0x00000000   Code   RO         4085    .ARM.Collect$$libshutdown$$00000002  c_w.l(libshutdown2.o)
    0x0800022a   0x00000000   Code   RO         4087    .ARM.Collect$$libshutdown$$00000004  c_w.l(libshutdown2.o)
    0x0800022a   0x00000000   Code   RO         4090    .ARM.Collect$$libshutdown$$00000007  c_w.l(libshutdown2.o)
    0x0800022a   0x00000000   Code   RO         4093    .ARM.Collect$$libshutdown$$0000000A  c_w.l(libshutdown2.o)
    0x0800022a   0x00000000   Code   RO         4095    .ARM.Collect$$libshutdown$$0000000C  c_w.l(libshutdown2.o)
    0x0800022a   0x00000000   Code   RO         4098    .ARM.Collect$$libshutdown$$0000000F  c_w.l(libshutdown2.o)
    0x0800022a   0x00000002   Code   RO         4099    .ARM.Collect$$libshutdown$$00000010  c_w.l(libshutdown2.o)
    0x0800022c   0x00000000   Code   RO         3928    .ARM.Collect$$rtentry$$00000000  c_w.l(__rtentry.o)
    0x0800022c   0x00000000   Code   RO         3943    .ARM.Collect$$rtentry$$00000002  c_w.l(__rtentry2.o)
    0x0800022c   0x00000006   Code   RO         3955    .ARM.Collect$$rtentry$$00000004  c_w.l(__rtentry4.o)
    0x08000232   0x00000000   Code   RO         3945    .ARM.Collect$$rtentry$$00000009  c_w.l(__rtentry2.o)
    0x08000232   0x00000004   Code   RO         3946    .ARM.Collect$$rtentry$$0000000A  c_w.l(__rtentry2.o)
    0x08000236   0x00000000   Code   RO         3948    .ARM.Collect$$rtentry$$0000000C  c_w.l(__rtentry2.o)
    0x08000236   0x00000008   Code   RO         3949    .ARM.Collect$$rtentry$$0000000D  c_w.l(__rtentry2.o)
    0x0800023e   0x00000002   Code   RO         3976    .ARM.Collect$$rtexit$$00000000  c_w.l(rtexit.o)
    0x08000240   0x00000000   Code   RO         4032    .ARM.Collect$$rtexit$$00000002  c_w.l(rtexit2.o)
    0x08000240   0x00000004   Code   RO         4033    .ARM.Collect$$rtexit$$00000003  c_w.l(rtexit2.o)
    0x08000244   0x00000006   Code   RO         4034    .ARM.Collect$$rtexit$$00000004  c_w.l(rtexit2.o)
    0x0800024a   0x00000002   PAD
    0x0800024c   0x00000040   Code   RO            4    .text               startup_stm32f429xx.o
    0x0800028c   0x000000ee   Code   RO         3894    .text               c_w.l(lludivv7m.o)
    0x0800037a   0x0000004e   Code   RO         3896    .text               c_w.l(rt_memclr_w.o)
    0x080003c8   0x00000006   Code   RO         3898    .text               c_w.l(heapauxi.o)
    0x080003ce   0x0000004a   Code   RO         3959    .text               c_w.l(sys_stackheap_outer.o)
    0x08000418   0x00000012   Code   RO         3961    .text               c_w.l(exit.o)
    0x0800042a   0x00000002   PAD
    0x0800042c   0x00000008   Code   RO         3973    .text               c_w.l(libspace.o)
    0x08000434   0x0000000c   Code   RO         4029    .text               c_w.l(sys_exit.o)
    0x08000440   0x00000002   Code   RO         4048    .text               c_w.l(use_no_semi.o)
    0x08000442   0x00000000   Code   RO         4050    .text               c_w.l(indicate_semi.o)
    0x08000442   0x00000002   PAD
    0x08000444   0x00000128   Code   RO          514    i.ADC_Init          stm32f4xx_hal_adc.o
    0x0800056c   0x00000002   Code   RO          391    i.BusFault_Handler  stm32f4xx_it.o
    0x0800056e   0x00000002   Code   RO          392    i.DebugMon_Handler  stm32f4xx_it.o
    0x08000570   0x00000004   Code   RO           13    i.Error_Handler     main.o
    0x08000574   0x00000018   Code   RO           14    i.Get_ADC_Value     main.o
    0x0800058c   0x00000164   Code   RO          516    i.HAL_ADC_ConfigChannel  stm32f4xx_hal_adc.o
    0x080006f0   0x00000006   Code   RO          523    i.HAL_ADC_GetValue  stm32f4xx_hal_adc.o
    0x080006f6   0x00000054   Code   RO          525    i.HAL_ADC_Init      stm32f4xx_hal_adc.o
    0x0800074a   0x00000002   PAD
    0x0800074c   0x00000060   Code   RO          224    i.HAL_ADC_MspInit   adc.o
    0x080007ac   0x000000fc   Code   RO          531    i.HAL_ADC_Start     stm32f4xx_hal_adc.o
    0x080008a8   0x00000234   Code   RO         1196    i.HAL_GPIO_Init     stm32f4xx_hal_gpio.o
    0x08000adc   0x0000000a   Code   RO         1200    i.HAL_GPIO_WritePin  stm32f4xx_hal_gpio.o
    0x08000ae6   0x00000002   PAD
    0x08000ae8   0x0000000c   Code   RO         1748    i.HAL_GetTick       stm32f4xx_hal.o
    0x08000af4   0x00000010   Code   RO         1754    i.HAL_IncTick       stm32f4xx_hal.o
    0x08000b04   0x00000034   Code   RO         1755    i.HAL_Init          stm32f4xx_hal.o
    0x08000b38   0x00000040   Code   RO         1756    i.HAL_InitTick      stm32f4xx_hal.o
    0x08000b78   0x00000030   Code   RO          487    i.HAL_MspInit       stm32f4xx_hal_msp.o
    0x08000ba8   0x0000001a   Code   RO         1603    i.HAL_NVIC_EnableIRQ  stm32f4xx_hal_cortex.o
    0x08000bc2   0x00000002   PAD
    0x08000bc4   0x00000040   Code   RO         1609    i.HAL_NVIC_SetPriority  stm32f4xx_hal_cortex.o
    0x08000c04   0x00000024   Code   RO         1610    i.HAL_NVIC_SetPriorityGrouping  stm32f4xx_hal_cortex.o
    0x08000c28   0x00000134   Code   RO          790    i.HAL_RCC_ClockConfig  stm32f4xx_hal_rcc.o
    0x08000d5c   0x00000020   Code   RO          797    i.HAL_RCC_GetPCLK1Freq  stm32f4xx_hal_rcc.o
    0x08000d7c   0x00000020   Code   RO          798    i.HAL_RCC_GetPCLK2Freq  stm32f4xx_hal_rcc.o
    0x08000d9c   0x00000064   Code   RO          799    i.HAL_RCC_GetSysClockFreq  stm32f4xx_hal_rcc.o
    0x08000e00   0x0000036c   Code   RO          802    i.HAL_RCC_OscConfig  stm32f4xx_hal_rcc.o
    0x0800116c   0x000000bc   Code   RO         2014    i.HAL_SPI_Init      stm32f4xx_hal_spi.o
    0x08001228   0x00000088   Code   RO          266    i.HAL_SPI_MspInit   spi.o
    0x080012b0   0x00000166   Code   RO         2022    i.HAL_SPI_Transmit  stm32f4xx_hal_spi.o
    0x08001416   0x00000018   Code   RO         1612    i.HAL_SYSTICK_CLKSourceConfig  stm32f4xx_hal_cortex.o
    0x0800142e   0x00000028   Code   RO         1614    i.HAL_SYSTICK_Config  stm32f4xx_hal_cortex.o
    0x08001456   0x00000002   Code   RO         3031    i.HAL_TIMEx_BreakCallback  stm32f4xx_hal_tim_ex.o
    0x08001458   0x00000002   Code   RO         3032    i.HAL_TIMEx_CommutCallback  stm32f4xx_hal_tim_ex.o
    0x0800145a   0x00000002   PAD
    0x0800145c   0x00000090   Code   RO         3050    i.HAL_TIMEx_MasterConfigSynchronization  stm32f4xx_hal_tim_ex.o
    0x080014ec   0x0000005a   Code   RO         2327    i.HAL_TIM_Base_Init  stm32f4xx_hal_tim.o
    0x08001546   0x00000002   PAD
    0x08001548   0x0000003c   Code   RO          308    i.HAL_TIM_Base_MspInit  tim.o
    0x08001584   0x00000080   Code   RO         2332    i.HAL_TIM_Base_Start_IT  stm32f4xx_hal_tim.o
    0x08001604   0x00000002   Code   RO         2361    i.HAL_TIM_IC_CaptureCallback  stm32f4xx_hal_tim.o
    0x08001606   0x00000166   Code   RO         2375    i.HAL_TIM_IRQHandler  stm32f4xx_hal_tim.o
    0x0800176c   0x00000002   Code   RO         2378    i.HAL_TIM_OC_DelayElapsedCallback  stm32f4xx_hal_tim.o
    0x0800176e   0x00000002   Code   RO         2405    i.HAL_TIM_PWM_PulseFinishedCallback  stm32f4xx_hal_tim.o
    0x08001770   0x00000002   Code   RO         2413    i.HAL_TIM_PeriodElapsedCallback  stm32f4xx_hal_tim.o
    0x08001772   0x00000002   Code   RO         2418    i.HAL_TIM_TriggerCallback  stm32f4xx_hal_tim.o
    0x08001774   0x00000062   Code   RO         3327    i.HAL_UART_Init     stm32f4xx_hal_uart.o
    0x080017d6   0x00000002   PAD
    0x080017d8   0x0000006c   Code   RO          350    i.HAL_UART_MspInit  usart.o
    0x08001844   0x00000002   Code   RO          393    i.HardFault_Handler  stm32f4xx_it.o
    0x08001846   0x00000002   PAD
    0x08001848   0x000000ec   Code   RO          394    i.HeartRate         stm32f4xx_it.o
    0x08001934   0x0000003a   Code   RO         3800    i.LCD_Address_Set   lcd_init.o
    0x0800196e   0x0000009c   Code   RO         3691    i.LCD_DrawLine      lcd.o
    0x08001a0a   0x00000016   Code   RO         3692    i.LCD_DrawPoint     lcd.o
    0x08001a20   0x0000003e   Code   RO         3694    i.LCD_Fill          lcd.o
    0x08001a5e   0x00000002   PAD
    0x08001a60   0x000001a8   Code   RO         3801    i.LCD_Init          lcd_init.o
    0x08001c08   0x000000c0   Code   RO         3695    i.LCD_ShowChar      lcd.o
    0x08001cc8   0x00000098   Code   RO         3700    i.LCD_ShowFloatNum1  lcd.o
    0x08001d60   0x0000007e   Code   RO         3701    i.LCD_ShowIntNum    lcd.o
    0x08001dde   0x0000003a   Code   RO         3703    i.LCD_ShowString    lcd.o
    0x08001e18   0x00000014   Code   RO         3802    i.LCD_WR_DATA       lcd_init.o
    0x08001e2c   0x00000028   Code   RO         3804    i.LCD_WR_REG        lcd_init.o
    0x08001e54   0x00000018   Code   RO         3805    i.LCD_Writ_Bus      lcd_init.o
    0x08001e6c   0x00000064   Code   RO          225    i.MX_ADC1_Init      adc.o
    0x08001ed0   0x000000bc   Code   RO          199    i.MX_GPIO_Init      gpio.o
    0x08001f8c   0x00000048   Code   RO          267    i.MX_SPI5_Init      spi.o
    0x08001fd4   0x00000044   Code   RO          309    i.MX_TIM6_Init      tim.o
    0x08002018   0x00000038   Code   RO          351    i.MX_USART1_UART_Init  usart.o
    0x08002050   0x00000002   Code   RO          395    i.MemManage_Handler  stm32f4xx_it.o
    0x08002052   0x00000002   Code   RO          396    i.NMI_Handler       stm32f4xx_it.o
    0x08002054   0x00000002   Code   RO          397    i.PendSV_Handler    stm32f4xx_it.o
    0x08002056   0x00000002   PAD
    0x08002058   0x00000058   Code   RO         2052    i.SPI_EndRxTxTransaction  stm32f4xx_hal_spi.o
    0x080020b0   0x000000b8   Code   RO         2057    i.SPI_WaitFlagStateUntilTimeout  stm32f4xx_hal_spi.o
    0x08002168   0x00000002   Code   RO          398    i.SVC_Handler       stm32f4xx_it.o
    0x0800216a   0x00000004   Code   RO          399    i.SysTick_Handler   stm32f4xx_it.o
    0x0800216e   0x00000002   PAD
    0x08002170   0x00000098   Code   RO           15    i.SystemClock_Config  main.o
    0x08002208   0x00000010   Code   RO         3656    i.SystemInit        system_stm32f4xx.o
    0x08002218   0x00000208   Code   RO          400    i.TIM6_DAC_IRQHandler  stm32f4xx_it.o
    0x08002420   0x000000c8   Code   RO         2420    i.TIM_Base_SetConfig  stm32f4xx_hal_tim.o
    0x080024e8   0x0000010c   Code   RO         3353    i.UART_SetConfig    stm32f4xx_hal_uart.o
    0x080025f4   0x00000002   Code   RO          401    i.UsageFault_Handler  stm32f4xx_it.o
    0x080025f6   0x00000020   Code   RO         1616    i.__NVIC_SetPriority  stm32f4xx_hal_cortex.o
    0x08002616   0x00000002   PAD
    0x08002618   0x00000014   Code   RO         3854    i.delay_init        delay.o
    0x0800262c   0x0000001a   Code   RO         3855    i.delay_ms          delay.o
    0x08002646   0x00000002   PAD
    0x08002648   0x00000034   Code   RO         3856    i.delay_us          delay.o
    0x0800267c   0x000000b8   Code   RO           16    i.main              main.o
    0x08002734   0x00000010   Code   RO         3704    i.mypow             lcd.o
    0x08002744   0x00000062   Code   RO         3902    x$fpl$d2f           fz_wm.l(d2f.o)
    0x080027a6   0x00000002   PAD
    0x080027a8   0x00000150   Code   RO         3904    x$fpl$dadd          fz_wm.l(daddsub_clz.o)
    0x080028f8   0x000002b0   Code   RO         3911    x$fpl$ddiv          fz_wm.l(ddiv.o)
    0x08002ba8   0x0000005a   Code   RO         3914    x$fpl$dfixu         fz_wm.l(dfixu.o)
    0x08002c02   0x0000002e   Code   RO         3919    x$fpl$dflt          fz_wm.l(dflt_clz.o)
    0x08002c30   0x00000026   Code   RO         3918    x$fpl$dfltu         fz_wm.l(dflt_clz.o)
    0x08002c56   0x00000002   PAD
    0x08002c58   0x00000154   Code   RO         3924    x$fpl$dmul          fz_wm.l(dmul.o)
    0x08002dac   0x0000009c   Code   RO         3933    x$fpl$dnaninf       fz_wm.l(dnaninf.o)
    0x08002e48   0x0000000c   Code   RO         3935    x$fpl$dretinf       fz_wm.l(dretinf.o)
    0x08002e54   0x00000016   Code   RO         3905    x$fpl$drsb          fz_wm.l(daddsub_clz.o)
    0x08002e6a   0x00000002   PAD
    0x08002e6c   0x000001d4   Code   RO         3906    x$fpl$dsub          fz_wm.l(daddsub_clz.o)
    0x08003040   0x00000056   Code   RO         3926    x$fpl$f2d           fz_wm.l(f2d.o)
    0x08003096   0x0000008c   Code   RO         3937    x$fpl$fnaninf       fz_wm.l(fnaninf.o)
    0x08003122   0x0000000a   Code   RO         4044    x$fpl$fpinit        fz_wm.l(fpinit.o)
    0x0800312c   0x0000000a   Code   RO         3939    x$fpl$fretinf       fz_wm.l(fretinf.o)
    0x08003136   0x00000000   Code   RO         3941    x$fpl$usenofp       fz_wm.l(usenofp.o)
    0x08003136   0x00000010   Data   RO         3657    .constdata          system_stm32f4xx.o
    0x08003146   0x00000008   Data   RO         3658    .constdata          system_stm32f4xx.o
    0x0800314e   0x00002256   Data   RO         3705    .constdata          lcd.o
    0x080053a4   0x00000020   Data   RO         4100    Region$$Table       anon$$obj.o


    Execution Region RW_IRAM2 (Base: 0x10000000, Size: 0x00000000, Max: 0x00010000, ABSOLUTE)

    **** No section assigned to this execution region ****


    Execution Region RW_IRAM1 (Base: 0x20000000, Size: 0x00002a30, Max: 0x00030000, ABSOLUTE)

    Base Addr    Size         Type   Attr      Idx    E Section Name        Object

    0x20000000   0x00000024   Data   RW          404    .data               stm32f4xx_it.o
    0x20000024   0x0000000c   Data   RW         1762    .data               stm32f4xx_hal.o
    0x20000030   0x00000004   Data   RW         3659    .data               system_stm32f4xx.o
    0x20000034   0x00000004   Data   RW         3806    .data               lcd_init.o
    0x20000038   0x00000004   Data   RW         3857    .data               delay.o
    0x2000003c   0x00000048   Zero   RW          226    .bss                adc.o
    0x20000084   0x00000058   Zero   RW          268    .bss                spi.o
    0x200000dc   0x00000048   Zero   RW          310    .bss                tim.o
    0x20000124   0x00000044   Zero   RW          352    .bss                usart.o
    0x20000168   0x00002264   Zero   RW          402    .bss                stm32f4xx_it.o
    0x200023cc   0x00000060   Zero   RW         3974    .bss                c_w.l(libspace.o)
    0x2000242c   0x00000004   PAD
    0x20002430   0x00000200   Zero   RW            2    HEAP                startup_stm32f429xx.o
    0x20002630   0x00000400   Zero   RW            1    STACK               startup_stm32f429xx.o


==============================================================================

Image component sizes


      Code (inc. data)   RO Data    RW Data    ZI Data      Debug   Object Name

       196         24          0          0         72       1813   adc.o
        98          8          0          4          0       2003   delay.o
       188         12          0          0          0       1075   gpio.o
       784         16       8790          0          0       8873   lcd.o
       566         16          0          4          0       5307   lcd_init.o
       364         46          0          0          0     775912   main.o
       208         28          0          0         88       1849   spi.o
        64         26        428          0       1536        860   startup_stm32f429xx.o
       144         24          0         12          0       9117   stm32f4xx_hal.o
       994         58          0          0          0       4522   stm32f4xx_hal_adc.o
       222         14          0          0          0      34773   stm32f4xx_hal_cortex.o
       574         54          0          0          0       2292   stm32f4xx_hal_gpio.o
        48          6          0          0          0        910   stm32f4xx_hal_msp.o
      1348         76          0          0          0       5412   stm32f4xx_hal_rcc.o
       818         12          0          0          0       4754   stm32f4xx_hal_spi.o
       786         72          0          0          0       7645   stm32f4xx_hal_tim.o
       148         28          0          0          0       2565   stm32f4xx_hal_tim_ex.o
       366         10          0          0          0       2116   stm32f4xx_hal_uart.o
       776         94          0         36       8804       7163   stm32f4xx_it.o
        16          4         24          4          0       1211   system_stm32f4xx.o
       128         18          0          0         72       1714   tim.o
       164         22          0          0         68       1822   usart.o

    ----------------------------------------------------------------------
      9024        668       9274         60      10640     883708   Object Totals
         0          0         32          0          0          0   (incl. Generated)
        24          0          0          0          0          0   (incl. Padding)

    ----------------------------------------------------------------------

      Code (inc. data)   RO Data    RW Data    ZI Data      Debug   Library Member Name

         8          0          0          0          0         68   __main.o
         0          0          0          0          0          0   __rtentry.o
        12          0          0          0          0          0   __rtentry2.o
         6          0          0          0          0          0   __rtentry4.o
        52          8          0          0          0          0   __scatter.o
        26          0          0          0          0          0   __scatter_copy.o
        28          0          0          0          0          0   __scatter_zi.o
        18          0          0          0          0         80   exit.o
         6          0          0          0          0        152   heapauxi.o
         0          0          0          0          0          0   indicate_semi.o
         2          0          0          0          0          0   libinit.o
         6          0          0          0          0          0   libinit2.o
         2          0          0          0          0          0   libshutdown.o
         2          0          0          0          0          0   libshutdown2.o
         8          4          0          0         96         68   libspace.o
       238          0          0          0          0        100   lludivv7m.o
        78          0          0          0          0         80   rt_memclr_w.o
         2          0          0          0          0          0   rtexit.o
        10          0          0          0          0          0   rtexit2.o
        12          4          0          0          0         68   sys_exit.o
        74          0          0          0          0         80   sys_stackheap_outer.o
         2          0          0          0          0         68   use_no_semi.o
        98          4          0          0          0        140   d2f.o
       826         16          0          0          0        492   daddsub_clz.o
       688        140          0          0          0        256   ddiv.o
        90          4          0          0          0        140   dfixu.o
        84          0          0          0          0        232   dflt_clz.o
       340         12          0          0          0        152   dmul.o
       156          4          0          0          0        140   dnaninf.o
        12          0          0          0          0        116   dretinf.o
        86          4          0          0          0        132   f2d.o
       140          4          0          0          0        132   fnaninf.o
        10          0          0          0          0        116   fpinit.o
        10          0          0          0          0        116   fretinf.o
         0          0          0          0          0          0   usenofp.o

    ----------------------------------------------------------------------
      3146        204          0          0        100       2928   Library Totals
        14          0          0          0          4          0   (incl. Padding)

    ----------------------------------------------------------------------

      Code (inc. data)   RO Data    RW Data    ZI Data      Debug   Library Name

       592         16          0          0         96        764   c_w.l
      2540        188          0          0          0       2164   fz_wm.l

    ----------------------------------------------------------------------
      3146        204          0          0        100       2928   Library Totals

    ----------------------------------------------------------------------

==============================================================================


      Code (inc. data)   RO Data    RW Data    ZI Data      Debug   

     12170        872       9274         60      10740     877576   Grand Totals
     12170        872       9274         60      10740     877576   ELF Image Totals
     12170        872       9274         60          0          0   ROM Totals

==============================================================================

    Total RO  Size (Code + RO Data)                21444 (  20.94kB)
    Total RW  Size (RW Data + ZI Data)             10800 (  10.55kB)
    Total ROM Size (Code + RO Data + RW Data)      21504 (  21.00kB)

==============================================================================

